test_boundary_parser_rejects_non_codes_and_non_boundaries (test_alternating_tag.AlternatingTagTests.test_boundary_parser_rejects_non_codes_and_non_boundaries) ... ok
test_compiler_limits_preflight_all_output_allocations (test_alternating_tag.AlternatingTagTests.test_compiler_limits_preflight_all_output_allocations) ... ok
test_empty_and_singletons_are_not_conventional_delete_two (test_alternating_tag.AlternatingTagTests.test_empty_and_singletons_are_not_conventional_delete_two) ... ok
test_event_mapping_rejects_malformed_and_inconsistent_events (test_alternating_tag.AlternatingTagTests.test_event_mapping_rejects_malformed_and_inconsistent_events) ... ok
test_exhaustive_all_tables_and_queues_through_length_two (test_alternating_tag.AlternatingTagTests.test_exhaustive_all_tables_and_queues_through_length_two) ... ok
test_frozen_source_values_and_malformed_inputs (test_alternating_tag.AlternatingTagTests.test_frozen_source_values_and_malformed_inputs) ... ok
test_hostile_subclasses_and_primitive_cts_fields_are_rejected (test_alternating_tag.AlternatingTagTests.test_hostile_subclasses_and_primitive_cts_fields_are_rejected) ... ok
test_ignored_selected_symbol_never_signals (test_alternating_tag.AlternatingTagTests.test_ignored_selected_symbol_never_signals) ... ok
test_limits_are_transactional_and_empty_takes_precedence (test_alternating_tag.AlternatingTagTests.test_limits_are_transactional_and_empty_takes_precedence) ... ok
test_multistep_source_and_cts_against_independent_list_oracle (test_alternating_tag.AlternatingTagTests.test_multistep_source_and_cts_against_independent_list_oracle) ... ok
test_transient_size_needs_more_than_encoded_endpoint_bound (test_alternating_tag.AlternatingTagTests.test_transient_size_needs_more_than_encoded_endpoint_bound) ... ok
test_empty_is_reached_on_final_original_block_bit_only (test_alternating_tag_review.AlternatingTagReviewTests.test_empty_is_reached_on_final_original_block_bit_only) ... ok
test_longer_alphabets_both_initial_phases_against_literal_bit_loop (test_alternating_tag_review.AlternatingTagReviewTests.test_longer_alphabets_both_initial_phases_against_literal_bit_loop) ... ok
test_transient_bound_is_sharp_at_zero_and_loose_at_last_symbol (test_alternating_tag_review.AlternatingTagReviewTests.test_transient_bound_is_sharp_at_zero_and_loose_at_last_symbol) ... ok
test_all_binary_words_through_six_bits (test_appender_gadget.AppenderLemmaTests.test_all_binary_words_through_six_bits) ... ok
test_arbitrary_closed_parameters_and_history_order (test_appender_gadget.AppenderLemmaTests.test_arbitrary_closed_parameters_and_history_order) ... ok
test_contextual_occurrences_preserve_unrelated_redexes (test_appender_gadget.AppenderLemmaTests.test_contextual_occurrences_preserve_unrelated_redexes) ... ok
test_composed_source_allocation_without_source_execution (test_auxiliary_interface_bounds.AuxiliaryInterfaceBoundsTests.test_composed_source_allocation_without_source_execution) ... ok
test_exact_butterfly_assignment_count (test_auxiliary_interface_bounds.AuxiliaryInterfaceBoundsTests.test_exact_butterfly_assignment_count) ... ok
test_binary_size_envelope_includes_worst_allowed_parameters (test_auxiliary_interface_bounds_review.AuxiliaryInterfaceBoundsReviewTests.test_binary_size_envelope_includes_worst_allowed_parameters) ... ok
test_frontend_dimensions_include_decrements_and_unused_registers (test_auxiliary_interface_bounds_review.AuxiliaryInterfaceBoundsReviewTests.test_frontend_dimensions_include_decrements_and_unused_registers) ... ok
test_literal_initial_tree_count_and_one_hot_dimensions (test_auxiliary_interface_bounds_review.AuxiliaryInterfaceBoundsReviewTests.test_literal_initial_tree_count_and_one_hot_dimensions) ... ok
test_readout_cost_uses_current_dag_not_exponential_unfolding (test_auxiliary_interface_bounds_review.AuxiliaryInterfaceBoundsReviewTests.test_readout_cost_uses_current_dag_not_exponential_unfolding) ... ok
test_ut19_power_boundaries_and_seed_formula_from_subset_definition (test_auxiliary_interface_bounds_review.AuxiliaryInterfaceBoundsReviewTests.test_ut19_power_boundaries_and_seed_formula_from_subset_definition) ... ok
test_all_626_small_trees_and_8788_nested_starts (test_clock_selector.ClockSelectorTests.test_all_626_small_trees_and_8788_nested_starts) ... ok
test_compilation_has_only_finite_six_observation_controls (test_clock_selector.ClockSelectorTests.test_compilation_has_only_finite_six_observation_controls) ... ok
test_exact_first_second_and_growth_source_branches (test_clock_selector.ClockSelectorTests.test_exact_first_second_and_growth_source_branches) ... ok
test_generated_parity_and_growth_under_nested_contexts (test_clock_selector.ClockSelectorTests.test_generated_parity_and_growth_under_nested_contexts) ... ok
test_malformed_numerals_and_wrapper_fields (test_clock_selector.ClockSelectorTests.test_malformed_numerals_and_wrapper_fields) ... ok
test_actual_peak_rejection_preserves_machine_and_event_number (test_compact_review.CompactReviewTests.test_actual_peak_rejection_preserves_machine_and_event_number) ... ok
test_decoder_ignores_source_answer_and_rejects_single_bit_damage (test_compact_review.CompactReviewTests.test_decoder_ignores_source_answer_and_rejects_single_bit_damage) ... ok
test_exact_completion_and_peak_limits (test_compact_review.CompactReviewTests.test_exact_completion_and_peak_limits) ... ok
test_implicit_blank_head_and_narrow_source_step_domain (test_compact_review.CompactReviewTests.test_implicit_blank_head_and_narrow_source_step_domain) ... ok
test_published_artifacts_and_s_reports_reproduce (test_compact_review.CompactReviewTests.test_published_artifacts_and_s_reports_reproduce) ... ok
test_selected_unused_and_corrupt_halt_appendants_fail (test_compact_review.CompactReviewTests.test_selected_unused_and_corrupt_halt_appendants_fail) ... ok
test_closed_literal_size_formula (test_compilation_cost.CompilationCostTests.test_closed_literal_size_formula) ... ok
test_dispatch_branch_and_sibling_costs_against_real_patterns (test_compilation_cost.CompilationCostTests.test_dispatch_branch_and_sibling_costs_against_real_patterns) ... ok
test_empty_program_actions_and_invalid_type (test_compilation_cost.CompilationCostTests.test_empty_program_actions_and_invalid_type) ... ok
test_exact_selected_rows_and_both_lower_bounds (test_compilation_cost.CompilationCostTests.test_exact_selected_rows_and_both_lower_bounds) ... ok
test_exact_small_whole_graph_and_recorded_controllers (test_compilation_cost.CompilationCostTests.test_exact_small_whole_graph_and_recorded_controllers) ... ok
test_exhaustive_small_appender_response_formula (test_compilation_cost.CompilationCostTests.test_exhaustive_small_appender_response_formula) ... ok
test_fixture_statistics_without_any_construction (test_compilation_cost.CompilationCostTests.test_fixture_statistics_without_any_construction) ... ok
test_largest_power_depths_match_actual_labelled_layout (test_compilation_cost.CompilationCostTests.test_largest_power_depths_match_actual_labelled_layout) ... ok
test_matcher_recurrence_and_graph_embedding (test_compilation_cost.CompilationCostTests.test_matcher_recurrence_and_graph_embedding) ... ok
test_report_cli_reproducible_and_bounded (test_compilation_cost.CompilationCostTests.test_report_cli_reproducible_and_bounded) ... ok
test_embedding_omits_both_terminals_but_does_not_merge_rows (test_compilation_cost_review.CompilationCostReviewTests.test_embedding_omits_both_terminals_but_does_not_merge_rows) ... ok
test_exact_cli_limits_accept_the_boundary (test_compilation_cost_review.CompilationCostReviewTests.test_exact_cli_limits_accept_the_boundary) ... ok
test_individual_shell_and_live_row_constants (test_compilation_cost_review.CompilationCostReviewTests.test_individual_shell_and_live_row_constants) ... ok
test_large_fixture_scalar_oracle_and_source_bytes (test_compilation_cost_review.CompilationCostReviewTests.test_large_fixture_scalar_oracle_and_source_bytes) ... ok
test_odd_carry_depths_against_levelwise_integer_oracle (test_compilation_cost_review.CompilationCostReviewTests.test_odd_carry_depths_against_levelwise_integer_oracle) ... ok
test_scalar_oracle_and_actual_rows_for_small_programs (test_compilation_cost_review.CompilationCostReviewTests.test_scalar_oracle_and_actual_rows_for_small_programs) ... ok
test_static_report_has_no_construction_dependencies (test_compilation_cost_review.CompilationCostReviewTests.test_static_report_has_no_construction_dependencies) ... ok
test_legacy_and_generic_full_microtick_traces (test_control_minimization.CompiledSelectorQuotientTests.test_legacy_and_generic_full_microtick_traces) ... ok
test_all_outputs_and_terminals_remain_distinct (test_control_minimization.FiniteQuotientTests.test_all_outputs_and_terminals_remain_distinct) ... ok
test_bad_limits_and_independent_witness_rejection (test_control_minimization.FiniteQuotientTests.test_bad_limits_and_independent_witness_rejection) ... ok
test_cycles_duplicates_unreachable_states_and_stay_ticks (test_control_minimization.FiniteQuotientTests.test_cycles_duplicates_unreachable_states_and_stay_ticks) ... ok
test_equivalent_cyclic_clones_with_different_successor_ids (test_control_minimization.FiniteQuotientTests.test_equivalent_cyclic_clones_with_different_successor_ids) ... ok
test_generated_graphs_match_independent_greatest_fixed_point (test_control_minimization.FiniteQuotientTests.test_generated_graphs_match_independent_greatest_fixed_point) ... ok
test_long_distinguishable_chain (test_control_minimization.FiniteQuotientTests.test_long_distinguishable_chain) ... ok
test_reproducible_report_and_independently_encoded_digest (test_control_minimization.FiniteQuotientTests.test_reproducible_report_and_independently_encoded_digest) ... ok
test_sixth_observation_and_delayed_difference_are_not_ignored (test_control_minimization.FiniteQuotientTests.test_sixth_observation_and_delayed_difference_are_not_ignored) ... ok
test_cli_rejects_nonpositive_caps_before_either_compiler (test_control_minimization_review.AdversarialQuotientReviewTests.test_cli_rejects_nonpositive_caps_before_either_compiler) ... ok
test_cli_stdout_and_file_are_identical_deterministic_json (test_control_minimization_review.AdversarialQuotientReviewTests.test_cli_stdout_and_file_are_identical_deterministic_json) ... ok
test_digest_encoding_covers_all_outputs_and_nonuniform_edges (test_control_minimization_review.AdversarialQuotientReviewTests.test_digest_encoding_covers_all_outputs_and_nonuniform_edges) ... ok
test_primitive_failures_contexts_terminals_and_divergence_match (test_control_minimization_review.AdversarialQuotientReviewTests.test_primitive_failures_contexts_terminals_and_divergence_match) ... ok
test_report_is_independent_of_python_hash_seed (test_control_minimization_review.AdversarialQuotientReviewTests.test_report_is_independent_of_python_hash_seed) ... ok
test_uneven_cyclic_clones_have_exact_canonical_classes (test_control_minimization_review.AdversarialQuotientReviewTests.test_uneven_cyclic_clones_have_exact_canonical_classes) ... ok
test_unreachable_sixth_edge_cannot_be_hidden_by_witness (test_control_minimization_review.AdversarialQuotientReviewTests.test_unreachable_sixth_edge_cannot_be_hidden_by_witness) ... ok
test_all_small_patterns_and_scoped_row_addresses (test_controller_size.ControllerSizeTests.test_all_small_patterns_and_scoped_row_addresses) ... ok
test_archived_materialized_counts_cover_additional_programs (test_controller_size.ControllerSizeTests.test_archived_materialized_counts_cover_additional_programs) ... ok
test_deep_shared_dag_uses_occurrence_width_not_occurrence_expansion (test_controller_size.ControllerSizeTests.test_deep_shared_dag_uses_occurrence_width_not_occurrence_expansion) ... ok
test_empty_walkers_keep_unreachable_feedback (test_controller_size.ControllerSizeTests.test_empty_walkers_keep_unreachable_feedback) ... ok
test_existing_periods_one_through_five_against_succinct_and_materialized (test_controller_size.ControllerSizeTests.test_existing_periods_one_through_five_against_succinct_and_materialized) ... ok
test_identity_cache_lifetimes_and_repeated_row_occurrences (test_controller_size.ControllerSizeTests.test_identity_cache_lifetimes_and_repeated_row_occurrences) ... ok
test_mixed_direct_reservation_and_fragment_emission_order (test_controller_size.ControllerSizeTests.test_mixed_direct_reservation_and_fragment_emission_order) ... ok
test_no_table_compiler_is_called_and_shared_assembly_agrees (test_controller_size.ControllerSizeTests.test_no_table_compiler_is_called_and_shared_assembly_agrees) ... ok
test_pattern_address_and_strictness_validation (test_controller_size.ControllerSizeTests.test_pattern_address_and_strictness_validation) ... ok
test_priorities_repeated_rows_and_zero_width_start_resets (test_controller_size.ControllerSizeTests.test_priorities_repeated_rows_and_zero_width_start_resets) ... ok
test_program_validation (test_controller_size.ControllerSizeTests.test_program_validation) ... ok
test_resource_budgets_are_checked (test_controller_size.ControllerSizeTests.test_resource_budgets_are_checked) ... ok
test_selected_action_component_agrees_with_source_only_formula (test_controller_size.ControllerSizeTests.test_selected_action_component_agrees_with_source_only_formula) ... ok
test_sparse_reservations_discard_rows_and_reject_unfilled_controls (test_controller_size.ControllerSizeTests.test_sparse_reservations_discard_rows_and_reject_unfilled_controls) ... ok
test_mixed_sequences_preserve_every_returned_index (test_controller_size_review.ControllerSizeReviewTests.test_mixed_sequences_preserve_every_returned_index) ... ok
test_shared_pattern_counts_exceed_machine_sequence_lengths (test_controller_size_review.ControllerSizeReviewTests.test_shared_pattern_counts_exceed_machine_sequence_lengths) ... ok
test_all_short_programs_against_list_interpreter (test_cts.CyclicTagTests.test_all_short_programs_against_list_interpreter) ... ok
test_both_bits_advance_phase (test_cts.CyclicTagTests.test_both_bits_advance_phase) ... ok
test_empty_queue_has_no_step_even_at_limit (test_cts.CyclicTagTests.test_empty_queue_has_no_step_even_at_limit) ... ok
test_program_and_state_validation (test_cts.CyclicTagTests.test_program_and_state_validation) ... ok
test_recurrence_is_not_empty_queue_or_halt_event (test_cts.CyclicTagTests.test_recurrence_is_not_empty_queue_or_halt_event) ... ok
test_size_limit_is_transactional (test_cts.CyclicTagTests.test_size_limit_is_transactional) ... ok
test_step_limit_is_transactional (test_cts.CyclicTagTests.test_step_limit_is_transactional) ... ok
test_thesis_definition_4_2_2_example (test_cts.CyclicTagTests.test_thesis_definition_4_2_2_example) ... ok
test_all_words_through_five_bits_and_varied_periods (test_cts_reader.InitialReaderTests.test_all_words_through_five_bits_and_varied_periods) ... ok
test_deep_initial_word_and_code_avoid_recursive_equality (test_cts_reader.InitialReaderTests.test_deep_initial_word_and_code_avoid_recursive_equality) ... ok
test_literal_initial_word_excludes_tombstones (test_cts_reader.InitialReaderTests.test_literal_initial_word_excludes_tombstones) ... ok
test_static_program_identity_and_convenience_api (test_cts_reader.InitialReaderTests.test_static_program_identity_and_convenience_api) ... ok
test_all_86_acceptance_decisions_match_fixed_reader (test_cts_reader.RecordedPathReaderTests.test_all_86_acceptance_decisions_match_fixed_reader) ... ok
test_decoder_isolated_from_source_history_files_hashes_and_reduction (test_cts_reader.RecordedPathReaderTests.test_decoder_isolated_from_source_history_files_hashes_and_reduction) ... ok
test_dormant_code_and_route_arity_are_exact (test_cts_reader.RejectionReaderTests.test_dormant_code_and_route_arity_are_exact) ... ok
test_invalid_roots_and_small_finite_trees_reject_safely (test_cts_reader.RejectionReaderTests.test_invalid_roots_and_small_finite_trees_reject_safely) ... ok
test_no_completed_shell_or_wrong_terminal (test_cts_reader.RejectionReaderTests.test_no_completed_shell_or_wrong_terminal) ... ok
test_unequal_base_continuations_reject (test_cts_reader.RejectionReaderTests.test_unequal_base_continuations_reject) ... ok
test_wrong_phase_or_empty_status (test_cts_reader.RejectionReaderTests.test_wrong_phase_or_empty_status) ... ok
test_wrong_public_fields_reject (test_cts_reader.RejectionReaderTests.test_wrong_public_fields_reject) ... ok
test_action_arity_is_checked_but_accumulator_labels_are_permissive (test_cts_reader.SyntheticReaderTests.test_action_arity_is_checked_but_accumulator_labels_are_permissive) ... ok
test_all_labels_and_variable_depth_dispatcher_routes (test_cts_reader.SyntheticReaderTests.test_all_labels_and_variable_depth_dispatcher_routes) ... ok
test_arbitrary_data_horizons_and_non_power_of_two_periods (test_cts_reader.SyntheticReaderTests.test_arbitrary_data_horizons_and_non_power_of_two_periods) ... ok
test_canonical_predecessor_and_nested_local_accumulator (test_cts_reader.SyntheticReaderTests.test_canonical_predecessor_and_nested_local_accumulator) ... ok
test_deep_action_history_spine_is_iterative (test_cts_reader.SyntheticReaderTests.test_deep_action_history_spine_is_iterative) ... ok
test_deep_numerals_local_chains_and_carriers_are_iterative (test_cts_reader.SyntheticReaderTests.test_deep_numerals_local_chains_and_carriers_are_iterative) ... ok
test_each_route_audit_is_independent_of_every_other_audit (test_cts_reader.SyntheticReaderTests.test_each_route_audit_is_independent_of_every_other_audit) ... ok
test_empty_word_totalization_is_explicitly_distinct_from_ordinary_stop (test_cts_reader.SyntheticReaderTests.test_empty_word_totalization_is_explicitly_distinct_from_ordinary_stop) ... ok
test_failed_alternatives_never_enter_nested_local_or_marked_audits (test_cts_reader.SyntheticReaderTests.test_failed_alternatives_never_enter_nested_local_or_marked_audits) ... ok
test_independent_marked_fields_and_history_arguments (test_cts_reader.SyntheticReaderTests.test_independent_marked_fields_and_history_arguments) ... ok
test_independent_opaque_audits_and_matching_base_continuations (test_cts_reader.SyntheticReaderTests.test_independent_opaque_audits_and_matching_base_continuations) ... ok
test_last_local_controls_phase_data_and_status_not_shell_count (test_cts_reader.SyntheticReaderTests.test_last_local_controls_phase_data_and_status_not_shell_count) ... ok
test_permissive_action_grammar_differs_from_fixed_reader_off_path (test_cts_reader.SyntheticReaderTests.test_permissive_action_grammar_differs_from_fixed_reader_off_path) ... ok
test_all_reachable_objects_are_immutable_closed_s_syntax (test_encoding.EncodingTests.test_all_reachable_objects_are_immutable_closed_s_syntax) ... ok
test_append_routine_emits_forward_order (test_encoding.EncodingTests.test_append_routine_emits_forward_order) ... ok
test_empty_program_and_invalid_source_words_are_rejected (test_encoding.EncodingTests.test_empty_program_and_invalid_source_words_are_rejected) ... ok
test_empty_word_and_all_empty_appendants_are_valid (test_encoding.EncodingTests.test_empty_word_and_all_empty_appendants_are_valid) ... ok
test_identical_actions_and_suffixes_share_by_identity (test_encoding.EncodingTests.test_identical_actions_and_suffixes_share_by_identity) ... ok
test_large_repeated_appendants_keep_unfolded_semantics (test_encoding.EncodingTests.test_large_repeated_appendants_keep_unfolded_semantics) ... ok
test_literal_constants (test_encoding.EncodingTests.test_literal_constants) ... ok
test_phase_major_actions_and_non_power_of_two_layout (test_encoding.EncodingTests.test_phase_major_actions_and_non_power_of_two_layout) ... ok
test_small_appenders_execute_in_forward_order_with_native_s_steps (test_encoding.EncodingTests.test_small_appenders_execute_in_forward_order_with_native_s_steps) ... ok
test_symbolic_counts_agree_with_independent_unfolding (test_encoding.EncodingTests.test_symbolic_counts_agree_with_independent_unfolding) ... ok
test_symbolic_inspection_does_not_build_terms (test_encoding.EncodingTests.test_symbolic_inspection_does_not_build_terms) ... ok
test_two_phase_fixture_is_byte_for_byte_identical (test_encoding.EncodingTests.test_two_phase_fixture_is_byte_for_byte_identical) ... ok
test_word_logical_front_is_innermost (test_encoding.EncodingTests.test_word_logical_front_is_innermost) ... ok
test_default_fixture_and_empty_word (test_encoding.InspectionCliTests.test_default_fixture_and_empty_word) ... ok
test_json_document_array_and_seed_file (test_encoding.InspectionCliTests.test_json_document_array_and_seed_file) ... ok
test_resource_caps (test_encoding.InspectionCliTests.test_resource_caps) ... ok
test_hashing_does_not_use_complete_prefix (test_encoding.PrefixStreamingTests.test_hashing_does_not_use_complete_prefix) ... ok
test_limits_reject_before_any_streamed_byte (test_encoding.PrefixStreamingTests.test_limits_reject_before_any_streamed_byte) ... ok
test_small_and_deep_streams_match_existing_prefix (test_encoding.PrefixStreamingTests.test_small_and_deep_streams_match_existing_prefix) ... ok
test_module_does_not_declare_proof_escape_hatches (test_formal_cts_instance.FormalCTSInstanceTests.test_module_does_not_declare_proof_escape_hatches) ... ok
test_one_hot_compilation_matches_the_formal_definition (test_formal_cts_instance.FormalCTSInstanceTests.test_one_hot_compilation_matches_the_formal_definition) ... ok
test_production_literal_matches_python_source (test_formal_cts_instance.FormalCTSInstanceTests.test_production_literal_matches_python_source) ... ok
test_all_recorded_axiom_queries_are_resolved (test_formal_event_interfaces.FormalEventInterfacesEvidence.test_all_recorded_axiom_queries_are_resolved) ... ok
test_artifact_bytes_match_manifest (test_formal_event_interfaces.FormalEventInterfacesEvidence.test_artifact_bytes_match_manifest) ... ok
test_complete_replay_and_integrity (test_formal_event_interfaces.FormalEventInterfacesEvidence.test_complete_replay_and_integrity) ... ok
test_exact_module_sources_and_successful_builds (test_formal_event_interfaces.FormalEventInterfacesEvidence.test_exact_module_sources_and_successful_builds) ... ok
test_replay_wrapper_has_only_the_frozen_roots (test_formal_event_interfaces.FormalEventInterfacesEvidence.test_replay_wrapper_has_only_the_frozen_roots) ... ok
test_160_extension_axiom_queries (test_formal_extended_kernels.ExtendedKernelEvidence.test_160_extension_axiom_queries) ... ok
test_artifact_manifest (test_formal_extended_kernels.ExtendedKernelEvidence.test_artifact_manifest) ... ok
test_import_only_replay_wrapper (test_formal_extended_kernels.ExtendedKernelEvidence.test_import_only_replay_wrapper) ... ok
test_sources_and_build_receipts_match (test_formal_extended_kernels.ExtendedKernelEvidence.test_sources_and_build_receipts_match) ... ok
test_union_replay_is_successful (test_formal_extended_kernels.ExtendedKernelEvidence.test_union_replay_is_successful) ... ok
test_67_source_identities_and_68_clean_builds (test_formal_turing_universality.ConventionalTuringProofEvidence.test_67_source_identities_and_68_clean_builds) ... ok
test_all_1359_declared_queries (test_formal_turing_universality.ConventionalTuringProofEvidence.test_all_1359_declared_queries) ... ok
test_complete_artifact_manifest (test_formal_turing_universality.ConventionalTuringProofEvidence.test_complete_artifact_manifest) ... ok
test_conventional_tape_and_literal_compiler_interfaces (test_formal_turing_universality.ConventionalTuringProofEvidence.test_conventional_tape_and_literal_compiler_interfaces) ... ok
test_executable_encoder_compiler_observer_decoder (test_formal_turing_universality.ConventionalTuringProofEvidence.test_executable_encoder_compiler_observer_decoder) ... ok
test_fresh_replay_and_all_input_integrity (test_formal_turing_universality.ConventionalTuringProofEvidence.test_fresh_replay_and_all_input_integrity) ... ok
test_same_checker_negative_controls_and_output_scope (test_formal_turing_universality.ConventionalTuringProofEvidence.test_same_checker_negative_controls_and_output_scope) ... ok
test_wrapper_excludes_canaries_and_unused_experiment (test_formal_turing_universality.ConventionalTuringProofEvidence.test_wrapper_excludes_canaries_and_unused_experiment) ... ok
test_all_1142_declared_queries (test_formal_universality.EndToEndProofEvidence.test_all_1142_declared_queries) ... ok
test_all_56_sources_and_clean_builds (test_formal_universality.EndToEndProofEvidence.test_all_56_sources_and_clean_builds) ... ok
test_computable_data_have_no_choice_axiom (test_formal_universality.EndToEndProofEvidence.test_computable_data_have_no_choice_axiom) ... ok
test_every_preserved_artifact_matches (test_formal_universality.EndToEndProofEvidence.test_every_preserved_artifact_matches) ... ok
test_fresh_replay_and_integrity (test_formal_universality.EndToEndProofEvidence.test_fresh_replay_and_integrity) ... ok
test_main_certificate_interfaces_are_present (test_formal_universality.EndToEndProofEvidence.test_main_certificate_interfaces_are_present) ... ok
test_positive_and_negative_controls (test_formal_universality.EndToEndProofEvidence.test_positive_and_negative_controls) ... ok
test_proof_wrapper_excludes_canaries (test_formal_universality.EndToEndProofEvidence.test_proof_wrapper_excludes_canaries) ... ok
test_all_overlapping_rows_select_the_same_address (test_fuel_probe.FuelProbeTests.test_all_overlapping_rows_select_the_same_address) ... ok
test_all_seven_patterns_with_independent_payload_occurrences (test_fuel_probe.FuelProbeTests.test_all_seven_patterns_with_independent_payload_occurrences) ... ok
test_nested_invocations_and_complete_restoration_on_failure (test_fuel_probe.FuelProbeTests.test_nested_invocations_and_complete_restoration_on_failure) ... ok
test_recorded_fuel_occurrences (test_fuel_probe.FuelProbeTests.test_recorded_fuel_occurrences) ... ok
test_symbolic_head_arity_for_every_pattern_instance (test_fuel_probe.FuelProbeTests.test_symbolic_head_arity_for_every_pattern_instance) ... ok
test_checked_example_certificates (test_gadgets.GadgetTests.test_checked_example_certificates) ... ok
test_deep_input_and_formatting_do_not_use_python_recursion (test_gadgets.GadgetTests.test_deep_input_and_formatting_do_not_use_python_recursion) ... ok
test_duplicated_payloads_are_distinct_occurrences (test_gadgets.GadgetTests.test_duplicated_payloads_are_distinct_occurrences) ... ok
test_fork_identity_on_closed_payloads (test_gadgets.GadgetTests.test_fork_identity_on_closed_payloads) ... ok
test_two_stage_fork (test_gadgets.GadgetTests.test_two_stage_fork) ... ok
test_both_instruction_types_require_plain_strings (test_instruction_types.InstructionTypeTests.test_both_instruction_types_require_plain_strings) ... ok
test_readonly_tables_revalidate_forged_instruction_fields_before_comparing (test_instruction_types.InstructionTypeTests.test_readonly_tables_revalidate_forged_instruction_fields_before_comparing) ... ok
test_rejection_does_not_invoke_custom_comparison (test_instruction_types.InstructionTypeTests.test_rejection_does_not_invoke_custom_comparison) ... ok
test_valid_terminal_graphs_keep_their_meaning (test_instruction_types.InstructionTypeTests.test_valid_terminal_graphs_keep_their_meaning) ... ok
test_accumulator_contraction_does_not_touch_halt_audit (test_local_event_provenance.LocalEventProvenanceTests.test_accumulator_contraction_does_not_touch_halt_audit) ... ok
test_existing_fixture_h6_births_and_frozen_audits (test_local_event_provenance.LocalEventProvenanceTests.test_existing_fixture_h6_births_and_frozen_audits) ... ok
test_permissive_tombstone_audit_can_hide_fabricated_f17 (test_local_event_provenance.LocalEventProvenanceTests.test_permissive_tombstone_audit_can_hide_fabricated_f17) ... ok
test_all_seven_fuel_residuals_and_outer_contexts (test_local_event_provenance_review.LocalEventProvenanceReviewTests.test_all_seven_fuel_residuals_and_outer_contexts) ... ok
test_c4_inside_nested_local_preserves_both_audits (test_local_event_provenance_review.LocalEventProvenanceReviewTests.test_c4_inside_nested_local_preserves_both_audits) ... ok
test_clock_expansion_and_launch (test_local_event_provenance_review.LocalEventProvenanceReviewTests.test_clock_expansion_and_launch) ... ok
test_commit_removes_only_the_selected_fresh_signature (test_local_event_provenance_review.LocalEventProvenanceReviewTests.test_commit_removes_only_the_selected_fresh_signature) ... ok
test_frame_birth_route_and_all_appender_intermediates (test_local_event_provenance_review.LocalEventProvenanceReviewTests.test_frame_birth_route_and_all_appender_intermediates) ... ok
test_generic_s_rewrite_can_manufacture_h6_across_k_a (test_local_event_provenance_review.LocalEventProvenanceReviewTests.test_generic_s_rewrite_can_manufacture_h6_across_k_a) ... ok
test_626_small_malformed_trees_and_pattern_shaped_mutations (test_marker_observer.MarkerObserverTests.test_626_small_malformed_trees_and_pattern_shaped_mutations) ... ok
test_all_86_original_samples_and_no_tree_mutation (test_marker_observer.MarkerObserverTests.test_all_86_original_samples_and_no_tree_mutation) ... ok
test_compile_budgets_and_resource_failures (test_marker_observer.MarkerObserverTests.test_compile_budgets_and_resource_failures) ... ok
test_empty_and_nonempty_native_signal_timing_is_not_checkpoint_timing (test_marker_observer.MarkerObserverTests.test_empty_and_nonempty_native_signal_timing_is_not_checkpoint_timing) ... ok
test_fresh_shape_and_exact_commit_occurrence (test_marker_observer.MarkerObserverTests.test_fresh_shape_and_exact_commit_occurrence) ... ok
test_no_euler_fallback_or_any_occurrence_scan (test_marker_observer.MarkerObserverTests.test_no_euler_fallback_or_any_occurrence_scan) ... ok
test_positive_period_static_graphs_and_unbalanced_routes (test_marker_observer.MarkerObserverTests.test_positive_period_static_graphs_and_unbalanced_routes) ... ok
test_runtime_isolation_root_reset_and_immutable_finite_state (test_marker_observer.MarkerObserverTests.test_runtime_isolation_root_reset_and_immutable_finite_state) ... ok
test_table_rejects_mutation_dynamic_targets_and_nonuniform_terminals (test_marker_observer.MarkerObserverTests.test_table_rejects_mutation_dynamic_targets_and_nonuniform_terminals) ... ok
test_both_boolean_terminals_absorb_without_mutation_or_ticks (test_marker_observer_report.MarkerReportTests.test_both_boolean_terminals_absorb_without_mutation_or_ticks) ... ok
test_compiles_each_finite_graph_once_before_all_inputs (test_marker_observer_report.MarkerReportTests.test_compiles_each_finite_graph_once_before_all_inputs) ... ok
test_deterministic_cli_writes_identical_stdout_and_file (test_marker_observer_report.MarkerReportTests.test_deterministic_cli_writes_identical_stdout_and_file) ... ok
test_exactly_one_contraction_and_two_fresh_samples (test_marker_observer_report.MarkerReportTests.test_exactly_one_contraction_and_two_fresh_samples) ... ok
test_false_terminal_cannot_hide_a_replaced_focus (test_marker_observer_report.MarkerReportTests.test_false_terminal_cannot_hide_a_replaced_focus) ... ok
test_initial_node_limit_precedes_observation (test_marker_observer_report.MarkerReportTests.test_initial_node_limit_precedes_observation) ... ok
test_invalid_bounds_precede_any_compilation (test_marker_observer_report.MarkerReportTests.test_invalid_bounds_precede_any_compilation) ... ok
test_literal_marker_shape_treats_payload_as_opaque (test_marker_observer_report.MarkerReportTests.test_literal_marker_shape_treats_payload_as_opaque) ... ok
test_nonabsorbing_observer_terminal_is_rejected (test_marker_observer_report.MarkerReportTests.test_nonabsorbing_observer_terminal_is_rejected) ... ok
test_observer_tick_limit_is_inclusive_and_exact (test_marker_observer_report.MarkerReportTests.test_observer_tick_limit_is_inclusive_and_exact) ... ok
test_precontraction_growth_limit_precedes_any_native_tick (test_marker_observer_report.MarkerReportTests.test_precontraction_growth_limit_precedes_any_native_tick) ... ok
test_recorded_timings_and_sample_contraction_invariants (test_marker_observer_report.MarkerReportTests.test_recorded_timings_and_sample_contraction_invariants) ... ok
test_same_size_wrong_native_result_fails_exact_rewrite_audit (test_marker_observer_report.MarkerReportTests.test_same_size_wrong_native_result_fails_exact_rewrite_audit) ... ok
test_selection_tick_limit_stops_before_the_contraction (test_marker_observer_report.MarkerReportTests.test_selection_tick_limit_stops_before_the_contraction) ... ok
test_soft_deadline_stops_before_runtime (test_marker_observer_report.MarkerReportTests.test_soft_deadline_stops_before_runtime) ... ok
test_actual_one_phase_observer_on_deep_registered_context (test_marker_observer_review.MarkerObserverReviewTests.test_actual_one_phase_observer_on_deep_registered_context) ... ok
test_actual_three_phase_observer_with_independent_holes_and_routes (test_marker_observer_review.MarkerObserverReviewTests.test_actual_three_phase_observer_with_independent_holes_and_routes) ... ok
test_all_pass_outcomes_and_interpass_root_resets (test_marker_observer_review.MarkerObserverReviewTests.test_all_pass_outcomes_and_interpass_root_resets) ... ok
test_budget_validation_is_not_bypassed_by_prior_equal_values (test_marker_observer_review.MarkerObserverReviewTests.test_budget_validation_is_not_bypassed_by_prior_equal_values) ... ok
test_command_tokens_cannot_retain_mutable_or_custom_behavior (test_marker_observer_review.MarkerObserverReviewTests.test_command_tokens_cannot_retain_mutable_or_custom_behavior) ... ok
test_every_observation_of_terminal_states_is_absorbing (test_marker_observer_review.MarkerObserverReviewTests.test_every_observation_of_terminal_states_is_absorbing) ... ok
test_literal_code_is_exact_and_shape_probe_restores_both_exits (test_marker_observer_review.MarkerObserverReviewTests.test_literal_code_is_exact_and_shape_probe_restores_both_exits) ... ok
test_read_only_machine_uses_no_origin_or_path_observation (test_marker_observer_review.MarkerObserverReviewTests.test_read_only_machine_uses_no_origin_or_path_observation) ... ok
test_all_appendants_match_independent_table_expansion (test_neary_fixture.NearyFixtureTests.test_all_appendants_match_independent_table_expansion) ... ok
test_all_used_appendants_have_source_provenance (test_neary_fixture.NearyFixtureTests.test_all_used_appendants_have_source_provenance) ... ok
test_artifact_files_are_verified_and_deterministic (test_neary_fixture.NearyFixtureTests.test_artifact_files_are_verified_and_deterministic) ... ok
test_both_source_symbols_toggle_and_move_left (test_neary_fixture.NearyFixtureTests.test_both_source_symbols_toggle_and_move_left) ... ok
test_decoder_accepts_only_complete_boundary_grammar (test_neary_fixture.NearyFixtureTests.test_decoder_accepts_only_complete_boundary_grammar) ... ok
test_full_runs_replayed_by_independent_string_semantics (test_neary_fixture.NearyFixtureTests.test_full_runs_replayed_by_independent_string_semantics) ... ok
test_generation_is_deterministic (test_neary_fixture.NearyFixtureTests.test_generation_is_deterministic) ... ok
test_invalid_source_and_token_inputs (test_neary_fixture.NearyFixtureTests.test_invalid_source_and_token_inputs) ... ok
test_resource_bounds_do_not_claim_completion (test_neary_fixture.NearyFixtureTests.test_resource_bounds_do_not_claim_completion) ... ok
test_seed_exact_bits_and_size (test_neary_fixture.NearyFixtureTests.test_seed_exact_bits_and_size) ... ok
test_source_halt_and_ordinary_recurrence_are_separate (test_neary_fixture.NearyFixtureTests.test_source_halt_and_ordinary_recurrence_are_separate) ... ok
test_empty_path_sequence_is_reflexive (test_path_traces.PathTraceTests.test_empty_path_sequence_is_reflexive) ... ok
test_incomplete_schema_rejected (test_path_traces.PathTraceTests.test_incomplete_schema_rejected) ... ok
test_no_strategy_or_termination_claim_can_be_smuggled_into_schema (test_path_traces.PathTraceTests.test_no_strategy_or_termination_claim_can_be_smuggled_into_schema) ... ok
test_nonredex_cannot_take_a_step (test_path_traces.PathTraceTests.test_nonredex_cannot_take_a_step) ... ok
test_one_native_step (test_path_traces.PathTraceTests.test_one_native_step) ... ok
test_tampered_digest_size_and_path (test_path_traces.PathTraceTests.test_tampered_digest_size_and_path) ... ok
test_all_bit_vectors_are_states_even_if_unreachable (test_pattern_automaton.PatternAutomatonTests.test_all_bit_vectors_are_states_even_if_unreachable) ... ok
test_all_small_patterns_trees_and_every_match_bit (test_pattern_automaton.PatternAutomatonTests.test_all_small_patterns_trees_and_every_match_bit) ... ok
test_deep_shared_and_unshared_dags_need_no_recursion_or_term_hash (test_pattern_automaton.PatternAutomatonTests.test_deep_shared_and_unshared_dags_need_no_recursion_or_term_hash) ... ok
test_equal_distinct_pattern_objects_are_canonically_interned (test_pattern_automaton.PatternAutomatonTests.test_equal_distinct_pattern_objects_are_canonically_interned) ... ok
test_explicit_caps_exact_boundaries_and_invalid_caps (test_pattern_automaton.PatternAutomatonTests.test_explicit_caps_exact_boundaries_and_invalid_caps) ... ok
test_hole_atom_positive_negative_and_descendant_only (test_pattern_automaton.PatternAutomatonTests.test_hole_atom_positive_negative_and_descendant_only) ... ok
test_holes_are_independent_even_when_shared (test_pattern_automaton.PatternAutomatonTests.test_holes_are_independent_even_when_shared) ... ok
test_invalid_term_nodes_cycles_and_size_field_are_not_trusted (test_pattern_automaton.PatternAutomatonTests.test_invalid_term_nodes_cycles_and_size_field_are_not_trusted) ... ok
test_malformed_patterns_are_rejected_before_custom_hooks (test_pattern_automaton.PatternAutomatonTests.test_malformed_patterns_are_rejected_before_custom_hooks) ... ok
test_malformed_states_and_observations_are_rejected_before_hooks (test_pattern_automaton.PatternAutomatonTests.test_malformed_states_and_observations_are_rejected_before_hooks) ... ok
test_metadata_validation_and_immutability (test_pattern_automaton.PatternAutomatonTests.test_metadata_validation_and_immutability) ... ok
test_transition_uses_only_fixed_code_and_bounded_local_inputs (test_pattern_automaton.PatternAutomatonTests.test_transition_uses_only_fixed_code_and_bounded_local_inputs) ... ok
test_every_child_state_has_the_specified_total_transition (test_pattern_automaton_review.PatternAutomatonReviewTests.test_every_child_state_has_the_specified_total_transition) ... ok
test_unreachable_descriptors_cannot_inflate_a_claimed_canonical_cover (test_pattern_automaton_review.PatternAutomatonReviewTests.test_unreachable_descriptors_cannot_inflate_a_claimed_canonical_cover) ... ok
test_value_canonicalization_preserves_shared_and_unshared_occurrences (test_pattern_automaton_review.PatternAutomatonReviewTests.test_value_canonicalization_preserves_shared_and_unshared_occurrences) ... ok
test_explicit_limits_typed_cache_and_controlled_host_recursion (test_periodic_selector.PeriodicExecutionTests.test_explicit_limits_typed_cache_and_controlled_host_recursion) ... ok
test_legacy_api_and_all_five_frozen_graph_digests (test_periodic_selector.PeriodicExecutionTests.test_legacy_api_and_all_five_frozen_graph_digests) ... ok
test_runtime_is_explicit_immutable_root_reset_and_one_native_contraction (test_periodic_selector.PeriodicExecutionTests.test_runtime_is_explicit_immutable_root_reset_and_one_native_contraction) ... ok
test_two_checked_horizons_for_small_periods (test_periodic_selector.PeriodicExecutionTests.test_two_checked_horizons_for_small_periods) ... ok
test_chronology_stays_boolean_even_for_odd_periods (test_periodic_selector.PeriodicPatternTests.test_chronology_stays_boolean_even_for_odd_periods) ... ok
test_concrete_appender_stages_and_accumulator_routes_every_phase (test_periodic_selector.PeriodicPatternTests.test_concrete_appender_stages_and_accumulator_routes_every_phase) ... ok
test_concrete_dispatch_stages_and_phase_bit_recovery_every_label (test_periodic_selector.PeriodicPatternTests.test_concrete_dispatch_stages_and_phase_bit_recovery_every_label) ... ok
test_layout_actual_routes_and_successors_for_every_phase (test_periodic_selector.PeriodicPatternTests.test_layout_actual_routes_and_successors_for_every_phase) ... ok
test_deterministic_cli_and_bound_routing (test_periodic_selector_report.PeriodicReportTests.test_deterministic_cli_and_bound_routing) ... ok
test_failed_final_compile_cap_cannot_emit_success (test_periodic_selector_report.PeriodicReportTests.test_failed_final_compile_cap_cannot_emit_success) ... ok
test_invalid_bounds_precede_compilation (test_periodic_selector_report.PeriodicReportTests.test_invalid_bounds_precede_compilation) ... ok
test_lower_compile_cap_failure_is_retained_before_success (test_periodic_selector_report.PeriodicReportTests.test_lower_compile_cap_failure_is_retained_before_success) ... ok
test_exact_budget_cache_types_and_failure_not_cached (test_periodic_selector_review.IndependentPeriodOneRuntimeTests.test_exact_budget_cache_types_and_failure_not_cached) ... ok
test_native_nonempty_and_empty_checkpoints_independent_source_oracle (test_periodic_selector_review.IndependentPeriodOneRuntimeTests.test_native_nonempty_and_empty_checkpoints_independent_source_oracle) ... ok
test_unrelated_malformed_and_deep_terms_still_select_single_native_steps (test_periodic_selector_review.IndependentPeriodOneRuntimeTests.test_unrelated_malformed_and_deep_terms_still_select_single_native_steps) ... ok
test_native_repeated_code_program_against_independent_source_oracle (test_periodic_selector_review.IndependentPeriodThreeRuntimeTests.test_native_repeated_code_program_against_independent_source_oracle) ... ok
test_all_phase_dispatch_uses_retained_carrier_and_ignores_decoy_audit (test_periodic_selector_review.IndependentPeriodicSyntaxTests.test_all_phase_dispatch_uses_retained_carrier_and_ignores_decoy_audit) ... ok
test_completed_rows_reject_wrong_histories_and_every_dormant_code (test_periodic_selector_review.IndependentPeriodicSyntaxTests.test_completed_rows_reject_wrong_histories_and_every_dormant_code) ... ok
test_largest_power_layout_exact_source_code_and_every_route (test_periodic_selector_review.IndependentPeriodicSyntaxTests.test_largest_power_layout_exact_source_code_and_every_route) ... ok
test_deep_dag_uses_flat_descriptor_keys_not_recursive_pattern_hash (test_pooled_selector.PoolFactoryTests.test_deep_dag_uses_flat_descriptor_keys_not_recursive_pattern_hash) ... ok
test_equal_values_share_within_one_factory_only (test_pooled_selector.PoolFactoryTests.test_equal_values_share_within_one_factory_only) ... ok
test_hostile_fields_are_rejected_before_hash_or_equality (test_pooled_selector.PoolFactoryTests.test_hostile_fields_are_rejected_before_hash_or_equality) ... ok
test_local_index_and_occurrence_layout_is_unchanged (test_pooled_selector.PoolFactoryTests.test_local_index_and_occurrence_layout_is_unchanged) ... ok
test_pool_budget_counts_whole_tables_and_descriptors (test_pooled_selector.PoolFactoryTests.test_pool_budget_counts_whole_tables_and_descriptors) ... ok
test_all_builder_paths_share_code_without_merging_intervals (test_pooled_selector.PooledCompositionTests.test_all_builder_paths_share_code_without_merging_intervals) ... ok
test_finished_code_contains_only_existing_exact_frozen_data (test_pooled_selector.PooledCompositionTests.test_finished_code_contains_only_existing_exact_frozen_data) ... ok
test_rows_and_walkers_match_every_primitive_entry (test_pooled_selector.PooledCompositionTests.test_rows_and_walkers_match_every_primitive_entry) ... ok
test_invalid_measurement_deadlines_do_not_launch_workers (test_pooled_selector.PooledMeasurementTests.test_invalid_measurement_deadlines_do_not_launch_workers) ... ok
test_reachable_objects_and_probe_reference_slots_are_distinct (test_pooled_selector.PooledMeasurementTests.test_reachable_objects_and_probe_reference_slots_are_distinct) ... ok
test_value_digest_ignores_identity_but_sees_every_field (test_pooled_selector.PooledMeasurementTests.test_value_digest_ignores_identity_but_sees_every_field) ... ok
test_exact_code_equality_counts_and_all_interval_boundaries (test_pooled_selector.PooledProgramTests.test_exact_code_equality_counts_and_all_interval_boundaries) ... ok
test_first_three_native_selections_preserve_every_microtick (test_pooled_selector.PooledProgramTests.test_first_three_native_selections_preserve_every_microtick) ... ok
test_plain_source_validation_precedes_hashing (test_pooled_selector.PooledProgramTests.test_plain_source_validation_precedes_hashing) ... ok
test_public_scope_caps_and_exact_boundaries (test_pooled_selector.PooledProgramTests.test_public_scope_caps_and_exact_boundaries) ... ok
test_archived_metrics_are_consistent_and_not_mislabeled_as_bytes (test_pooled_selector_review.PooledMeasurementReviewTests.test_archived_metrics_are_consistent_and_not_mislabeled_as_bytes) ... ok
test_report_launches_each_mode_in_a_distinct_child_call (test_pooled_selector_review.PooledMeasurementReviewTests.test_report_launches_each_mode_in_a_distinct_child_call) ... ok
test_report_rejects_equal_counts_with_different_code_hashes (test_pooled_selector_review.PooledMeasurementReviewTests.test_report_rejects_equal_counts_with_different_code_hashes) ... ok
test_all_controls_statuses_and_six_entries_for_empty_one_phase (test_pooled_selector_review.PooledSelectorReviewTests.test_all_controls_statuses_and_six_entries_for_empty_one_phase) ... ok
test_equal_values_cannot_evade_referenced_slot_budget (test_pooled_selector_review.PooledSelectorReviewTests.test_equal_values_cannot_evade_referenced_slot_budget) ... ok
test_every_immutable_field_on_five_new_programs (test_pooled_selector_review.PooledSelectorReviewTests.test_every_immutable_field_on_five_new_programs) ... ok
test_exhaustive_small_patterns_and_addresses_preserve_components (test_pooled_selector_review.PooledSelectorReviewTests.test_exhaustive_small_patterns_and_addresses_preserve_components) ... ok
test_existing_defaults_and_keyword_call_behavior_are_unchanged (test_pooled_selector_review.PooledSelectorReviewTests.test_existing_defaults_and_keyword_call_behavior_are_unchanged) ... ok
test_expired_pool_hits_do_not_bypass_soft_clock (test_pooled_selector_review.PooledSelectorReviewTests.test_expired_pool_hits_do_not_bypass_soft_clock) ... ok
test_failed_pool_compile_is_collectible_and_does_not_poison_retry (test_pooled_selector_review.PooledSelectorReviewTests.test_failed_pool_compile_is_collectible_and_does_not_poison_retry) ... ok
test_hash_collisions_preserve_local_indices_and_exact_values (test_pooled_selector_review.PooledSelectorReviewTests.test_hash_collisions_preserve_local_indices_and_exact_values) ... ok
test_independent_compilations_do_not_retain_a_global_pool (test_pooled_selector_review.PooledSelectorReviewTests.test_independent_compilations_do_not_retain_a_global_pool) ... ok
test_invalid_keys_never_reach_hash_equality_or_subclass_callbacks (test_pooled_selector_review.PooledSelectorReviewTests.test_invalid_keys_never_reach_hash_equality_or_subclass_callbacks) ... ok
test_pool_source_and_builder_collect_with_table_and_statistics_alive (test_pooled_selector_review.PooledSelectorReviewTests.test_pool_source_and_builder_collect_with_table_and_statistics_alive) ... ok
test_runtime_is_independent_of_pool_clock_source_and_compilers (test_pooled_selector_review.PooledSelectorReviewTests.test_runtime_is_independent_of_pool_clock_source_and_compilers) ... ok
test_unreachable_zero_width_values_consume_pool_entries (test_pooled_selector_review.PooledSelectorReviewTests.test_unreachable_zero_width_values_consume_pool_entries) ... ok
test_addresses_are_checked_against_each_pattern (test_probes.PrioritizedRowsTests.test_addresses_are_checked_against_each_pattern) ... ok
test_failed_late_probe_restores_before_next_row (test_probes.PrioritizedRowsTests.test_failed_late_probe_restores_before_next_row) ... ok
test_first_match_wins_even_when_later_rows_overlap (test_probes.PrioritizedRowsTests.test_first_match_wins_even_when_later_rows_overlap) ... ok
test_prioritized_rows_at_every_occurrence (test_probes.PrioritizedRowsTests.test_prioritized_rows_at_every_occurrence) ... ok
test_row_state_count_and_bound (test_probes.PrioritizedRowsTests.test_row_state_count_and_bound) ... ok
test_all_102_patterns_on_all_626_rooted_trees (test_probes.RestoringPatternTests.test_all_102_patterns_on_all_626_rooted_trees) ... ok
test_all_22_small_patterns_at_every_occurrence_of_all_626_trees (test_probes.RestoringPatternTests.test_all_22_small_patterns_at_every_occurrence_of_all_626_trees) ... ok
test_all_success_shapes_attain_the_exact_tick_bound (test_probes.RestoringPatternTests.test_all_success_shapes_attain_the_exact_tick_bound) ... ok
test_exhaustive_corpus_sizes (test_probes.RestoringPatternTests.test_exhaustive_corpus_sizes) ... ok
test_late_right_mismatch_restores_nested_left_and_right_starts (test_probes.RestoringPatternTests.test_late_right_mismatch_restores_nested_left_and_right_starts) ... ok
test_runtime_is_nonrecursive_and_does_not_use_term_equality (test_probes.RestoringPatternTests.test_runtime_is_nonrecursive_and_does_not_use_term_equality) ... ok
test_shared_subterms_are_distinct_occurrences (test_probes.RestoringPatternTests.test_shared_subterms_are_distinct_occurrences) ... ok
test_absent_moves_raise_instead_of_silently_changing_semantics (test_probes.TableBoundaryTests.test_absent_moves_raise_instead_of_silently_changing_semantics) ... ok
test_incoming_side_is_the_only_position_observation (test_probes.TableBoundaryTests.test_incoming_side_is_the_only_position_observation) ... ok
test_input_term_table_and_cursor_are_immutable (test_probes.TableBoundaryTests.test_input_term_table_and_cursor_are_immutable) ... ok
test_invalid_instructions_tables_and_observations_are_rejected (test_probes.TableBoundaryTests.test_invalid_instructions_tables_and_observations_are_rejected) ... ok
test_invalid_patterns_and_addresses_are_rejected (test_probes.TableBoundaryTests.test_invalid_patterns_and_addresses_are_rejected) ... ok
test_table_is_total_and_every_reference_is_finite_and_backward (test_probes.TableBoundaryTests.test_table_is_total_and_every_reference_is_finite_and_backward) ... ok
test_every_audit_subtree_is_opaque_even_when_exponentially_shared (test_program_integration_review.ReaderIndependentReviewTests.test_every_audit_subtree_is_opaque_even_when_exponentially_shared) ... ok
test_repeated_continuation_compares_deep_equal_copies_and_rejects_change (test_program_integration_review.ReaderIndependentReviewTests.test_repeated_continuation_compares_deep_equal_copies_and_rejects_change) ... ok
test_unbalanced_repeated_code_routes_retain_their_phase_labels (test_program_integration_review.ReaderIndependentReviewTests.test_unbalanced_repeated_code_routes_retain_their_phase_labels) ... ok
test_large_program_reports_explicit_construction_limits (test_program_integration_review.ReviewDriverBoundaryTests.test_large_program_reports_explicit_construction_limits) ... ok
test_report_microtick_boundary_and_readonly_selection (test_program_integration_review.ReviewDriverBoundaryTests.test_report_microtick_boundary_and_readonly_selection) ... ok
test_graph_is_immutable_local_and_has_only_finite_primitive_targets (test_program_integration_review.SelectorIntegrationReviewTests.test_graph_is_immutable_local_and_has_only_finite_primitive_targets) ... ok
test_multibit_both_phases_against_independent_stopping_cts (test_program_integration_review.SelectorIntegrationReviewTests.test_multibit_both_phases_against_independent_stopping_cts) ... ok
test_small_unrelated_trees_normality_and_exactly_one_contraction (test_program_integration_review.SelectorIntegrationReviewTests.test_small_unrelated_trees_normality_and_exactly_one_contraction) ... ok
test_explicit_compile_budget_and_validation (test_program_selector.ProgramExecutionTests.test_explicit_compile_budget_and_validation) ... ok
test_legacy_85_selections_and_outputs (test_program_selector.ProgramExecutionTests.test_legacy_85_selections_and_outputs) ... ok
test_runtime_retains_only_primitive_graph_and_no_compiler_access (test_program_selector.ProgramExecutionTests.test_runtime_retains_only_primitive_graph_and_no_compiler_access) ... ok
test_two_completed_horizons_for_new_programs_and_seeds (test_program_selector.ProgramExecutionTests.test_two_completed_horizons_for_new_programs_and_seeds) ... ok
test_completed_carrier_rows_follow_program_dependent_history_arity (test_program_selector.ProgramPatternTests.test_completed_carrier_rows_follow_program_dependent_history_arity) ... ok
test_every_nonempty_appender_stage_selects_exact_native_redex (test_program_selector.ProgramPatternTests.test_every_nonempty_appender_stage_selects_exact_native_redex) ... ok
test_family_is_immutable_input_independent_and_exactly_two_phase (test_program_selector.ProgramPatternTests.test_family_is_immutable_input_independent_and_exactly_two_phase) ... ok
test_legacy_static_families_are_exact (test_program_selector.ProgramPatternTests.test_legacy_static_families_are_exact) ... ok
test_selected_action_rows_guard_redexes_for_independent_holes (test_program_selector.ProgramPatternTests.test_selected_action_rows_guard_redexes_for_independent_holes) ... ok
test_deterministic_output_omits_only_elapsed_time (test_program_selector_report.ProgramReportTests.test_deterministic_output_omits_only_elapsed_time) ... ok
test_growth_limit_is_checked_before_contraction (test_program_selector_report.ProgramReportTests.test_growth_limit_is_checked_before_contraction) ... ok
test_invalid_bounds_precede_compilation (test_program_selector_report.ProgramReportTests.test_invalid_bounds_precede_compilation) ... ok
test_native_step_limit_stops_after_exactly_one_contraction (test_program_selector_report.ProgramReportTests.test_native_step_limit_stops_after_exactly_one_contraction) ... ok
test_totalization_is_only_the_empty_case (test_program_selector_report.ProgramReportTests.test_totalization_is_only_the_empty_case) ... ok
test_bad_schema_and_record_shape_rejected (test_queue_fixture.PrescribedPathCertificateTests.test_bad_schema_and_record_shape_rejected) ... ok
test_native_path_makes_no_strategy_or_terminal_claim (test_queue_fixture.PrescribedPathCertificateTests.test_native_path_makes_no_strategy_or_terminal_claim) ... ok
test_tampered_path_size_digest_and_initial_tree_rejected (test_queue_fixture.PrescribedPathCertificateTests.test_tampered_path_size_digest_and_initial_tree_rejected) ... ok
test_initial_word_order_and_one_shot_iterators (test_queue_fixture.QueueConstructorTests.test_initial_word_order_and_one_shot_iterators) ... ok
test_input_words_through_five_bits (test_queue_fixture.QueueConstructorTests.test_input_words_through_five_bits) ... ok
test_named_constructors_match_the_paper (test_queue_fixture.QueueConstructorTests.test_named_constructors_match_the_paper) ... ok
test_non_boolean_integer_bits_rejected (test_queue_fixture.QueueConstructorTests.test_non_boolean_integer_bits_rejected) ... ok
test_source_reference_is_separate_and_totalizes_empty_word (test_queue_fixture.QueueConstructorTests.test_source_reference_is_separate_and_totalizes_empty_word) ... ok
test_acceptance_is_exactly_zero_22_85 (test_queue_fixture.QueueRecordedPathTests.test_acceptance_is_exactly_zero_22_85) ... ok
test_all_85_native_rewrites_sizes_and_digests (test_queue_fixture.QueueRecordedPathTests.test_all_85_native_rewrites_sizes_and_digests) ... ok
test_completed_horizon_two_job_at_55_is_not_a_checkpoint (test_queue_fixture.QueueRecordedPathTests.test_completed_horizon_two_job_at_55_is_not_a_checkpoint) ... ok
test_decoder_does_not_consult_source_or_execution_history (test_queue_fixture.QueueRecordedPathTests.test_decoder_does_not_consult_source_or_execution_history) ... ok
test_fixture_is_only_a_finite_prescribed_path (test_queue_fixture.QueueRecordedPathTests.test_fixture_is_only_a_finite_prescribed_path) ... ok
test_old_samples_remain_immutable (test_queue_fixture.QueueRecordedPathTests.test_old_samples_remain_immutable) ... ok
test_prefix_verifier_replays_all_85_without_object_kernel (test_queue_fixture.QueueRecordedPathTests.test_prefix_verifier_replays_all_85_without_object_kernel) ... ok
test_append_one_requires_the_literal_appended_bit (test_queue_fixture.QueueStructuralGrammarTests.test_append_one_requires_the_literal_appended_bit) ... ok
test_audit_fields_are_opaque_and_can_be_unrelated (test_queue_fixture.QueueStructuralGrammarTests.test_audit_fields_are_opaque_and_can_be_unrelated) ... ok
test_every_closed_tree_through_nine_leaves_is_rejected (test_queue_fixture.QueueStructuralGrammarTests.test_every_closed_tree_through_nine_leaves_is_rejected) ... ok
test_generator_rejects_consumed_or_malformed_seed_word (test_queue_fixture.QueueStructuralGrammarTests.test_generator_rejects_consumed_or_malformed_seed_word) ... ok
test_innermost_completed_local_controls_result (test_queue_fixture.QueueStructuralGrammarTests.test_innermost_completed_local_controls_result) ... ok
test_missing_shell_fields_and_wrong_environment_are_rejected (test_queue_fixture.QueueStructuralGrammarTests.test_missing_shell_fields_and_wrong_environment_are_rejected) ... ok
test_positive_checkpoint_requires_nonempty_shell_chain (test_queue_fixture.QueueStructuralGrammarTests.test_positive_checkpoint_requires_nonempty_shell_chain) ... ok
test_status_must_match_empty_queue_and_phase_must_match_horizon (test_queue_fixture.QueueStructuralGrammarTests.test_status_must_match_empty_queue_and_phase_must_match_horizon) ... ok
test_synthetic_checkpoints_read_literal_data_not_expected_source (test_queue_fixture.QueueStructuralGrammarTests.test_synthetic_checkpoints_read_literal_data_not_expected_source) ... ok
test_terminal_rejects_small_or_unequal_numerals (test_queue_fixture.QueueStructuralGrammarTests.test_terminal_rejects_small_or_unequal_numerals) ... ok
test_tombstone_uses_canonical_predecessor_not_audit_copy (test_queue_fixture.QueueStructuralGrammarTests.test_tombstone_uses_canonical_predecessor_not_audit_copy) ... ok
test_wrong_dormant_dispatcher_branch_is_rejected (test_queue_fixture.QueueStructuralGrammarTests.test_wrong_dormant_dispatcher_branch_is_rejected) ... ok
test_all_bounded_reductions_through_eight_leaves (test_reference.IndependentBoundedReductionTests.test_all_bounded_reductions_through_eight_leaves) ... ok
test_budget_stops_before_growth_and_preserves_input (test_reference.IndependentBoundedReductionTests.test_budget_stops_before_growth_and_preserves_input) ... ok
test_initial_oversize_is_reported_without_reduction (test_reference.IndependentBoundedReductionTests.test_initial_oversize_is_reported_without_reduction) ... ok
test_invalid_reduction_budgets_are_rejected (test_reference.IndependentBoundedReductionTests.test_invalid_reduction_budgets_are_rejected) ... ok
test_terminal_result_on_the_last_permitted_step (test_reference.IndependentBoundedReductionTests.test_terminal_result_on_the_last_permitted_step) ... ok
test_zero_steps_distinguishes_terminal_from_budget_exhausted (test_reference.IndependentBoundedReductionTests.test_zero_steps_distinguishes_terminal_from_budget_exhausted) ... ok
test_certificate_cannot_relabel_head_normal_form_as_full_normal_form (test_reference.IndependentCertificateTests.test_certificate_cannot_relabel_head_normal_form_as_full_normal_form) ... ok
test_certificate_rejects_malformed_prefix_trees (test_reference.IndependentCertificateTests.test_certificate_rejects_malformed_prefix_trees) ... ok
test_certificate_rejects_missing_and_extra_fields (test_reference.IndependentCertificateTests.test_certificate_rejects_missing_and_extra_fields) ... ok
test_certificate_rejects_premature_stopping (test_reference.IndependentCertificateTests.test_certificate_rejects_premature_stopping) ... ok
test_certificate_rejects_tampered_fields (test_reference.IndependentCertificateTests.test_certificate_rejects_tampered_fields) ... ok
test_certificate_verifier_is_independent_of_production_kernel (test_reference.IndependentCertificateTests.test_certificate_verifier_is_independent_of_production_kernel) ... ok
test_generated_certificates_and_independent_replay_all_small_trees (test_reference.IndependentCertificateTests.test_generated_certificates_and_independent_replay_all_small_trees) ... ok
test_valid_node_limit_certificates_cover_initial_and_next_step_limits (test_reference.IndependentCertificateTests.test_valid_node_limit_certificates_cover_initial_and_next_step_limits) ... ok
test_all_redexes_and_every_subterm_path_through_eight_leaves (test_reference.IndependentReferenceTests.test_all_redexes_and_every_subterm_path_through_eight_leaves) ... ok
test_all_strategy_selections_through_eight_leaves (test_reference.IndependentReferenceTests.test_all_strategy_selections_through_eight_leaves) ... ok
test_exhaustive_generator_has_catalan_counts (test_reference.IndependentReferenceTests.test_exhaustive_generator_has_catalan_counts) ... ok
test_head_normal_form_can_contain_an_argument_redex (test_reference.IndependentReferenceTests.test_head_normal_form_can_contain_an_argument_redex) ... ok
test_invalid_and_out_of_tree_paths_rejected (test_reference.IndependentReferenceTests.test_invalid_and_out_of_tree_paths_rejected) ... ok
test_normal_and_applicative_choose_different_nested_redexes (test_reference.IndependentReferenceTests.test_normal_and_applicative_choose_different_nested_redexes) ... ok
test_overapplication_contracts_left_child (test_reference.IndependentReferenceTests.test_overapplication_contracts_left_child) ... ok
test_parser_and_formatter_round_trip_all_trees_through_eight_leaves (test_reference.IndependentReferenceTests.test_parser_and_formatter_round_trip_all_trees_through_eight_leaves) ... ok
test_parser_application_is_left_associative (test_reference.IndependentReferenceTests.test_parser_application_is_left_associative) ... ok
test_parser_rejects_non_s_syntax (test_reference.IndependentReferenceTests.test_parser_rejects_non_s_syntax) ... ok
test_reference_rule_duplicates_third_argument (test_reference.IndependentReferenceTests.test_reference_rule_duplicates_third_argument) ... ok
test_unknown_strategy_rejected_even_without_redex (test_reference.IndependentReferenceTests.test_unknown_strategy_rejected_even_without_redex) ... ok
test_all_import_forms_and_body_boundary (test_replay_formal.ReplayPreflightTests.test_all_import_forms_and_body_boundary) ... ok
test_build_directory (test_replay_formal.ReplayPreflightTests.test_build_directory) ... ok
test_comments_and_fake_imports (test_replay_formal.ReplayPreflightTests.test_comments_and_fake_imports) ... ok
test_git_blob_identity_and_duplicate_source_paths (test_replay_formal.ReplayPreflightTests.test_git_blob_identity_and_duplicate_source_paths) ... ok
test_identity_and_tampering (test_replay_formal.ReplayPreflightTests.test_identity_and_tampering) ... ok
test_invalid_header (test_replay_formal.ReplayPreflightTests.test_invalid_header) ... ok
test_manifest_identity_includes_exact_bytes (test_replay_formal.ReplayPreflightTests.test_manifest_identity_includes_exact_bytes) ... ok
test_order_unknown_dependencies_and_cycles (test_replay_formal.ReplayPreflightTests.test_order_unknown_dependencies_and_cycles) ... ok
test_paths (test_replay_formal.ReplayPreflightTests.test_paths) ... ok
test_prelude (test_replay_formal.ReplayPreflightTests.test_prelude) ... ok
test_source_symlink_cannot_escape_root (test_replay_formal.ReplayPreflightTests.test_source_symlink_cannot_escape_root) ... ok
test_cli_requires_fresh_build_path (test_replay_formal.ReplayProfileTests.test_cli_requires_fresh_build_path) ... ok
test_default_and_explicit_target_selection (test_replay_formal.ReplayProfileTests.test_default_and_explicit_target_selection) ... ok
test_duplicate_reserved_and_wrapper_modules_are_rejected (test_replay_formal.ReplayProfileTests.test_duplicate_reserved_and_wrapper_modules_are_rejected) ... ok
test_exact_profiles_and_module_counts (test_replay_formal.ReplayProfileTests.test_exact_profiles_and_module_counts) ... ok
test_mocked_build_uses_selected_profile_and_only_fresh_outputs (test_replay_formal.ReplayProfileTests.test_mocked_build_uses_selected_profile_and_only_fresh_outputs)
Exercise orchestration with a fake compiler, not proof verification. ... ok
test_profile_counts_cannot_be_interchanged (test_replay_formal.ReplayProfileTests.test_profile_counts_cannot_be_interchanged) ... ok
test_published_manifests_match_pinned_profile_identities (test_replay_formal.ReplayProfileTests.test_published_manifests_match_pinned_profile_identities) ... ok
test_unpinned_profile_is_never_replayed (test_replay_formal.ReplayProfileTests.test_unpinned_profile_is_never_replayed) ... ok
test_upstream_count_and_config_set_are_fixed (test_replay_formal.ReplayProfileTests.test_upstream_count_and_config_set_are_fixed) ... ok
test_all_85_selections_and_result_digests_from_fresh_roots (test_root_selector.RootSelectorTests.test_all_85_selections_and_result_digests_from_fresh_roots) ... ok
test_all_small_malformed_trees_progress_or_certify_normality (test_root_selector.RootSelectorTests.test_all_small_malformed_trees_progress_or_certify_normality) ... ok
test_euler_matches_independent_preorder_on_small_terms (test_root_selector.RootSelectorTests.test_euler_matches_independent_preorder_on_small_terms) ... ok
test_pattern_shaped_malformed_trees_with_unrelated_holes (test_root_selector.RootSelectorTests.test_pattern_shaped_malformed_trees_with_unrelated_holes) ... ok
test_table_is_fixed_and_has_only_local_observations (test_root_selector.RootSelectorTests.test_table_is_fixed_and_has_only_local_observations) ... ok
test_tiny_empty_and_nonempty_initial_terms (test_root_selector.RootSelectorTests.test_tiny_empty_and_nonempty_initial_terms) ... ok
test_default_output_retains_measured_wall_durations (test_root_selector_report.RootReportTests.test_default_output_retains_measured_wall_durations) ... ok
test_deterministic_output_omits_only_wall_durations (test_root_selector_report.RootReportTests.test_deterministic_output_omits_only_wall_durations) ... ok
test_invalid_bounds_fail_before_compilation (test_root_selector_report.RootReportTests.test_invalid_bounds_fail_before_compilation) ... ok
test_500_adversarial_carriers_and_unrelated_contexts (test_root_selector_review.RootSelectorIndependentReviewTests.test_500_adversarial_carriers_and_unrelated_contexts) ... ok
test_85_reverse_order_samples_with_auxiliary_runtime_access_disabled (test_root_selector_review.RootSelectorIndependentReviewTests.test_85_reverse_order_samples_with_auxiliary_runtime_access_disabled) ... ok
test_all_6918_closed_trees_through_ten_leaves (test_root_selector_review.RootSelectorIndependentReviewTests.test_all_6918_closed_trees_through_ten_leaves) ... ok
test_compilation_is_fixed_after_unrelated_invocations (test_root_selector_review.RootSelectorIndependentReviewTests.test_compilation_is_fixed_after_unrelated_invocations) ... ok
test_deep_term_needs_no_recursive_runtime_stack (test_root_selector_review.RootSelectorIndependentReviewTests.test_deep_term_needs_no_recursive_runtime_stack) ... ok
test_all_small_initializers_and_independent_butterfly (test_running_xor_memory.RunningXorMemoryTests.test_all_small_initializers_and_independent_butterfly) ... ok
test_compact_encoder_documented_example_vectors (test_running_xor_memory.RunningXorMemoryTests.test_compact_encoder_documented_example_vectors) ... ok
test_dense_matrix_oracle_matches_all_small_forced_steps (test_running_xor_memory.RunningXorMemoryTests.test_dense_matrix_oracle_matches_all_small_forced_steps) ... ok
test_dense_matrix_oracle_matches_binomial_output_coefficients (test_running_xor_memory.RunningXorMemoryTests.test_dense_matrix_oracle_matches_binomial_output_coefficients) ... ok
test_direct_state_flip_has_different_time_origin (test_running_xor_memory.RunningXorMemoryTests.test_direct_state_flip_has_different_time_origin) ... ok
test_exhaustive_forcing_histories_through_two_widths (test_running_xor_memory.RunningXorMemoryTests.test_exhaustive_forcing_histories_through_two_widths) ... ok
test_exhaustive_width_eight_protected_window_and_exact_boundary (test_running_xor_memory.RunningXorMemoryTests.test_exhaustive_width_eight_protected_window_and_exact_boundary) ... ok
test_literal_normal_cycle_all_small_states_and_alignments (test_running_xor_memory.RunningXorMemoryTests.test_literal_normal_cycle_all_small_states_and_alignments) ... ok
test_literal_reset_wipes_dynamic_state_but_preserves_inverters (test_running_xor_memory.RunningXorMemoryTests.test_literal_reset_wipes_dynamic_state_but_preserves_inverters) ... ok
test_non_power_of_two_counterexamples (test_running_xor_memory.RunningXorMemoryTests.test_non_power_of_two_counterexamples) ... ok
test_odd_parity_even_reset_selects_halt_instead_of_updating_memory (test_running_xor_memory.RunningXorMemoryTests.test_odd_parity_even_reset_selects_halt_instead_of_updating_memory) ... ok
test_power_of_two_suffix_flip_does_not_affect_the_prefix (test_running_xor_memory.RunningXorMemoryTests.test_power_of_two_suffix_flip_does_not_affect_the_prefix) ... ok
test_raw_productions_match_forced_kernel_through_first_boundary (test_running_xor_memory.RunningXorMemoryTests.test_raw_productions_match_forced_kernel_through_first_boundary) ... ok
test_single_input_impulse_is_visible_at_width_and_every_width_later (test_running_xor_memory.RunningXorMemoryTests.test_single_input_impulse_is_visible_at_width_and_every_width_later) ... ok
test_base_boundary_does_not_fall_through (test_s_event_readout.CarrierTests.test_base_boundary_does_not_fall_through) ... ok
test_code_and_cell_mutations_and_word_limits (test_s_event_readout.CarrierTests.test_code_and_cell_mutations_and_word_limits) ... ok
test_deep_linear_carrier_and_local_chains_are_iterative (test_s_event_readout.CarrierTests.test_deep_linear_carrier_and_local_chains_are_iterative) ... ok
test_differential_all_carrier_subtrees_of_85_step_fixture (test_s_event_readout.CarrierTests.test_differential_all_carrier_subtrees_of_85_step_fixture) ... ok
test_live_tombstone_nested_local_and_opaque_fields (test_s_event_readout.CarrierTests.test_live_tombstone_nested_local_and_opaque_fields) ... ok
test_repeated_base_continuations_equal_and_unequal (test_s_event_readout.CarrierTests.test_repeated_base_continuations_equal_and_unequal) ... ok
test_exact_pattern_matches_independent_fixed_pattern (test_s_event_readout.EventTests.test_exact_pattern_matches_independent_fixed_pattern) ... ok
test_exact_resource_boundaries (test_s_event_readout.EventTests.test_exact_resource_boundaries) ... ok
test_first_preorder_current_witness_and_shared_occurrences (test_s_event_readout.EventTests.test_first_preorder_current_witness_and_shared_occurrences) ... ok
test_frozen_audit_not_working_accumulator_is_read (test_s_event_readout.EventTests.test_frozen_audit_not_working_accumulator_is_read) ... ok
test_histories_and_freshness_are_exact (test_s_event_readout.EventTests.test_histories_and_freshness_are_exact) ... ok
test_no_runtime_evaluator_compiler_clock_or_private_queue (test_s_event_readout.EventTests.test_no_runtime_evaluator_compiler_clock_or_private_queue) ... ok
test_recorded_event_tails_restore_plus_one_and_minus_one (test_s_event_readout.EventTests.test_recorded_event_tails_restore_plus_one_and_minus_one) ... ok
test_cached_size_is_ignored_and_s_atoms_need_not_be_singleton (test_s_event_readout.ValidationTests.test_cached_size_is_ignored_and_s_atoms_need_not_be_singleton) ... ok
test_cycles_missing_fields_and_post_match_invalid_siblings (test_s_event_readout.ValidationTests.test_cycles_missing_fields_and_post_match_invalid_siblings) ... ok
test_hostile_types_and_subclasses_are_rejected_without_methods (test_s_event_readout.ValidationTests.test_hostile_types_and_subclasses_are_rejected_without_methods) ... ok
test_limits_are_plain_exact_revalidated_and_zero_is_real (test_s_event_readout.ValidationTests.test_limits_are_plain_exact_revalidated_and_zero_is_real) ... ok
test_all_ut19_labels_are_distinguished_despite_repeated_action_code (test_s_event_readout_review.BoundedReadoutReview.test_all_ut19_labels_are_distinguished_despite_repeated_action_code) ... ok
test_budget_at_reservation_boundary_and_huge_cap_semantics (test_s_event_readout_review.BoundedReadoutReview.test_budget_at_reservation_boundary_and_huge_cap_semantics) ... ok
test_cross_arena_equal_integer_indices_are_not_identity (test_s_event_readout_review.BoundedReadoutReview.test_cross_arena_equal_integer_indices_are_not_identity) ... ok
test_differential_irregular_dispatch_mutations_and_sufficient_derived_caps (test_s_event_readout_review.BoundedReadoutReview.test_differential_irregular_dispatch_mutations_and_sufficient_derived_caps) ... ok
test_differing_sharing_patterns_compare_as_trees_with_polynomial_charge (test_s_event_readout_review.BoundedReadoutReview.test_differing_sharing_patterns_compare_as_trees_with_polynomial_charge) ... ok
test_every_entry_rejects_missing_children_and_hidden_cycles (test_s_event_readout_review.BoundedReadoutReview.test_every_entry_rejects_missing_children_and_hidden_cycles) ... ok
test_preorder_chooses_malformed_first_payload_instead_of_convenient_later_one (test_s_event_readout_review.BoundedReadoutReview.test_preorder_chooses_malformed_first_payload_instead_of_convenient_later_one) ... ok
test_random_dag_equality_matches_canonical_shape_and_charges_duplicate_pops (test_s_event_readout_review.BoundedReadoutReview.test_random_dag_equality_matches_canonical_shape_and_charges_duplicate_pops) ... ok
test_snapshot_aliases_distinct_atoms_and_captured_edges (test_s_event_readout_review.BoundedReadoutReview.test_snapshot_aliases_distinct_atoms_and_captured_edges) ... ok
test_all_dispatcher_stages_and_recovered_labels (test_selector_active.ActiveEndpointTests.test_all_dispatcher_stages_and_recovered_labels) ... ok
test_base_oldest_then_odd_handoff_and_scope (test_selector_active.ActiveEndpointTests.test_base_oldest_then_odd_handoff_and_scope) ... ok
test_dispatcher_failed_phase_restores_exact_origin (test_selector_active.ActiveEndpointTests.test_dispatcher_failed_phase_restores_exact_origin) ... ok
test_empty_base_hands_off_only_with_pending_parent (test_selector_active.ActiveEndpointTests.test_empty_base_hands_off_only_with_pending_parent) ... ok
test_frame_heads_below_pending_spines (test_selector_active.ActiveEndpointTests.test_frame_heads_below_pending_spines) ... ok
test_frame_miss_restores_nested_left_boundary (test_selector_active.ActiveEndpointTests.test_frame_miss_restores_nested_left_boundary) ... ok
test_fresh_local_requires_nonempty_before_continuation (test_selector_active.ActiveEndpointTests.test_fresh_local_requires_nonempty_before_continuation) ... ok
test_marked_local_uses_continuation_and_excludes_audit (test_selector_active.ActiveEndpointTests.test_marked_local_uses_continuation_and_excludes_audit) ... ok
test_selected_action_and_push_with_independent_audits (test_selector_active.ActiveEndpointTests.test_selected_action_and_push_with_independent_audits) ... ok
test_compiled_fragments_have_only_finite_readonly_primitive_rows (test_selector_priority.PriorityFragmentTests.test_compiled_fragments_have_only_finite_readonly_primitive_rows) ... ok
test_empty_origin_stops_before_marked_local_and_tombstone (test_selector_priority.PriorityFragmentTests.test_empty_origin_stops_before_marked_local_and_tombstone) ... ok
test_nearest_local_ancestor_includes_initial_occurrence (test_selector_priority.PriorityFragmentTests.test_nearest_local_ancestor_includes_initial_occurrence) ... ok
test_nonempty_restores_all_local_routes_and_valid_boundaries (test_selector_priority.PriorityFragmentTests.test_nonempty_restores_all_local_routes_and_valid_boundaries) ... ok
test_nonpending_completed_response_commits_only_empty_fresh_local (test_selector_priority.PriorityFragmentTests.test_nonpending_completed_response_commits_only_empty_fresh_local) ... ok
test_oldest_live_uses_complete_descent_then_first_live_ancestor (test_selector_priority.PriorityFragmentTests.test_oldest_live_uses_complete_descent_then_first_live_ancestor) ... ok
test_parity_starts_true_and_only_local_tombstone_nodes_toggle (test_selector_priority.PriorityFragmentTests.test_parity_starts_true_and_only_local_tombstone_nodes_toggle) ... ok
test_pending_ancestor_selects_nearest_registered_parent (test_selector_priority.PriorityFragmentTests.test_pending_ancestor_selects_nearest_registered_parent) ... ok
test_pending_response_empty_override_handoff_and_oldest_live (test_selector_priority.PriorityFragmentTests.test_pending_response_empty_override_handoff_and_oldest_live) ... ok
test_random_small_syntax_rejects_and_scope_failure_restores (test_selector_priority.PriorityFragmentTests.test_random_small_syntax_rejects_and_scope_failure_restores) ... ok
test_registered_parent_guard_is_stricter_than_generic_handoff (test_selector_priority.PriorityFragmentTests.test_registered_parent_guard_is_stricter_than_generic_handoff) ... ok
test_exact_published_comparison (test_strategy_comparison.StrategyComparisonTests.test_exact_published_comparison) ... ok
test_synthetic_fragment_constructor_rejects_mutable_impostors (test_succinct_periodic.SuccinctPeriodicAssemblyTests.test_synthetic_fragment_constructor_rejects_mutable_impostors) ... ok
test_synthetic_original_order_constructors_and_root_resets (test_succinct_periodic.SuccinctPeriodicAssemblyTests.test_synthetic_original_order_constructors_and_root_resets) ... ok
test_all_finished_code_is_exact_frozen_data_without_program_or_cache (test_succinct_periodic.SuccinctPeriodicControllerTests.test_all_finished_code_is_exact_frozen_data_without_program_or_cache) ... ok
test_archived_counts_new_representation_counts_and_boundary_entries (test_succinct_periodic.SuccinctPeriodicControllerTests.test_archived_counts_new_representation_counts_and_boundary_entries) ... ok
test_first_twelve_seed11_selections_match_archived_paths (test_succinct_periodic.SuccinctPeriodicControllerTests.test_first_twelve_seed11_selections_match_archived_paths) ... ok
test_lookup_and_unchanged_runtime_do_not_recompile_or_read_source (test_succinct_periodic.SuccinctPeriodicControllerTests.test_lookup_and_unchanged_runtime_do_not_recompile_or_read_source) ... ok
test_default_and_lowered_caps_forward_to_one_shared_assembly (test_succinct_periodic.SuccinctPeriodicValidationTests.test_default_and_lowered_caps_forward_to_one_shared_assembly) ... ok
test_exact_metadata_boundary_and_empty_word_five_phase_syntax (test_succinct_periodic.SuccinctPeriodicValidationTests.test_exact_metadata_boundary_and_empty_word_five_phase_syntax) ... ok
test_exact_program_and_nested_plain_immutable_binary_syntax (test_succinct_periodic.SuccinctPeriodicValidationTests.test_exact_program_and_nested_plain_immutable_binary_syntax) ... ok
test_identity_whitelists_never_call_custom_class_comparisons (test_succinct_periodic.SuccinctPeriodicValidationTests.test_identity_whitelists_never_call_custom_class_comparisons) ... ok
test_metadata_and_time_budget_checks_precede_pattern_construction (test_succinct_periodic.SuccinctPeriodicValidationTests.test_metadata_and_time_budget_checks_precede_pattern_construction) ... ok
test_phase_and_bit_budgets_are_mandatory_and_cannot_be_raised (test_succinct_periodic.SuccinctPeriodicValidationTests.test_phase_and_bit_budgets_are_mandatory_and_cannot_be_raised) ... ok
test_small_api_contract_defaults_scope_and_graph_are_unchanged (test_succinct_periodic.SuccinctPeriodicValidationTests.test_small_api_contract_defaults_scope_and_graph_are_unchanged) ... ok
test_archive_structure_is_validated_before_expensive_work (test_succinct_periodic_report.SuccinctPeriodicReportTests.test_archive_structure_is_validated_before_expensive_work) ... ok
test_cli_failures_do_not_overwrite_an_existing_report (test_succinct_periodic_report.SuccinctPeriodicReportTests.test_cli_failures_do_not_overwrite_an_existing_report) ... ok
test_deterministic_cli_removes_only_measured_time_and_matches_written_bytes (test_succinct_periodic_report.SuccinctPeriodicReportTests.test_deterministic_cli_removes_only_measured_time_and_matches_written_bytes) ... ok
test_every_fixed_representation_count_is_checked_before_reference_allocation (test_succinct_periodic_report.SuccinctPeriodicReportTests.test_every_fixed_representation_count_is_checked_before_reference_allocation) ... ok
test_exact_minimum_budget_boundaries_are_admitted (test_succinct_periodic_report.SuccinctPeriodicReportTests.test_exact_minimum_budget_boundaries_are_admitted) ... ok
test_frozen_archive_checksum_and_sources (test_succinct_periodic_report.SuccinctPeriodicReportTests.test_frozen_archive_checksum_and_sources) ... ok
test_full_coverage_aggregates_bounds_and_serial_reference_release (test_succinct_periodic_report.SuccinctPeriodicReportTests.test_full_coverage_aggregates_bounds_and_serial_reference_release) ... ok
test_identity_duration_whitelist_rejects_custom_comparisons_and_conversions (test_succinct_periodic_report.SuccinctPeriodicReportTests.test_identity_duration_whitelist_rejects_custom_comparisons_and_conversions) ... ok
test_insufficient_fixed_coverage_budgets_precede_compilation (test_succinct_periodic_report.SuccinctPeriodicReportTests.test_insufficient_fixed_coverage_budgets_precede_compilation) ... ok
test_invalid_options_precede_archive_and_expensive_work (test_succinct_periodic_report.SuccinctPeriodicReportTests.test_invalid_options_precede_archive_and_expensive_work) ... ok
test_native_run_comparison_checks_entire_record (test_succinct_periodic_report.SuccinctPeriodicReportTests.test_native_run_comparison_checks_entire_record) ... ok
test_soft_deadlines_stop_before_and_between_expensive_steps (test_succinct_periodic_report.SuccinctPeriodicReportTests.test_soft_deadlines_stop_before_and_between_expensive_steps) ... ok
test_all_block_boundaries_and_observations_reject_nonplain_queries (test_succinct_periodic_review.SuccinctPeriodicReviewTests.test_all_block_boundaries_and_observations_reject_nonplain_queries) ... ok
test_api_defaults_and_keyword_only_resource_controls (test_succinct_periodic_review.SuccinctPeriodicReviewTests.test_api_defaults_and_keyword_only_resource_controls) ... ok
test_clock_budgets_must_be_representable_by_a_finite_clock (test_succinct_periodic_review.SuccinctPeriodicReviewTests.test_clock_budgets_must_be_representable_by_a_finite_clock) ... ok
test_empty_phase_limit_and_plain_input_checks_precede_any_graph_work (test_succinct_periodic_review.SuccinctPeriodicReviewTests.test_empty_phase_limit_and_plain_input_checks_precede_any_graph_work) ... ok
test_isolated_five_phase_runtime_on_arbitrary_occurrence_trees (test_succinct_periodic_review.SuccinctPeriodicReviewTests.test_isolated_five_phase_runtime_on_arbitrary_occurrence_trees) ... ok
test_malformed_last_direct_row_is_rejected_before_earlier_rdx_comparisons (test_succinct_periodic_review.SuccinctPeriodicReviewTests.test_malformed_last_direct_row_is_rejected_before_earlier_rdx_comparisons) ... ok
test_nested_corruption_is_rejected_in_every_fragment_family (test_succinct_periodic_review.SuccinctPeriodicReviewTests.test_nested_corruption_is_rejected_in_every_fragment_family) ... ok
test_nonarchived_empty_three_phase_full_index_comparison (test_succinct_periodic_review.SuccinctPeriodicReviewTests.test_nonarchived_empty_three_phase_full_index_comparison) ... ok
test_soft_deadline_at_fragment_completion_and_final_validation (test_succinct_periodic_review.SuccinctPeriodicReviewTests.test_soft_deadline_at_fragment_completion_and_final_validation) ... ok
test_source_is_collectible_and_retained_metadata_slots_have_exact_threshold (test_succinct_periodic_review.SuccinctPeriodicReviewTests.test_source_is_collectible_and_retained_metadata_slots_have_exact_threshold) ... ok
test_unused_nested_code_and_unused_walker_continuation_are_validated (test_succinct_periodic_review.SuccinctPeriodicReviewTests.test_unused_nested_code_and_unused_walker_continuation_are_validated) ... ok
test_all_550_patterns_with_up_to_five_leaves (test_succinct_probes.SuccinctProbeTests.test_all_550_patterns_with_up_to_five_leaves) ... ok
test_control_observation_and_descriptor_bounds (test_succinct_probes.SuccinctProbeTests.test_control_observation_and_descriptor_bounds) ... ok
test_deep_unshared_input_has_no_recursive_validation_or_hashing (test_succinct_probes.SuccinctProbeTests.test_deep_unshared_input_has_no_recursive_validation_or_hashing) ... ok
test_each_lookup_uses_at_most_the_compiled_height_iterations (test_succinct_probes.SuccinctProbeTests.test_each_lookup_uses_at_most_the_compiled_height_iterations) ... ok
test_existing_execute_and_exact_positive_tick_bound (test_succinct_probes.SuccinctProbeTests.test_existing_execute_and_exact_positive_tick_bound) ... ok
test_full_microtick_traces_at_every_small_tree_occurrence (test_succinct_probes.SuccinctProbeTests.test_full_microtick_traces_at_every_small_tree_occurrence) ... ok
test_independent_pair_layout_including_zero_width_children (test_succinct_probes.SuccinctProbeTests.test_independent_pair_layout_including_zero_width_children) ... ok
test_invalid_patterns_are_rejected_without_user_equality_or_hashing (test_succinct_probes.SuccinctProbeTests.test_invalid_patterns_are_rejected_without_user_equality_or_hashing) ... ok
test_large_doubled_literal_dag_under_strict_external_tick_limits (test_succinct_probes.SuccinctProbeTests.test_large_doubled_literal_dag_under_strict_external_tick_limits) ... ok
test_runtime_has_no_source_term_matching_or_mutable_cache (test_succinct_probes.SuccinctProbeTests.test_runtime_has_no_source_term_matching_or_mutable_cache) ... ok
test_seeded_mixed_shared_dags_preserve_all_occurrence_controls (test_succinct_probes.SuccinctProbeTests.test_seeded_mixed_shared_dags_preserve_all_occurrence_controls) ... ok
test_unused_valid_descriptors_do_not_change_the_root_table (test_succinct_probes.SuccinctProbeTests.test_unused_valid_descriptors_do_not_change_the_root_table) ... ok
test_all_2688_six_leaf_patterns_pointwise (test_succinct_probes_review.SuccinctProbeReviewTests.test_all_2688_six_leaf_patterns_pointwise) ... ok
test_api_rejects_subclass_controls_and_observations (test_succinct_probes_review.SuccinctProbeReviewTests.test_api_rejects_subclass_controls_and_observations) ... ok
test_both_failure_restorations_and_success_have_identical_primitive_traces (test_succinct_probes_review.SuccinctProbeReviewTests.test_both_failure_restorations_and_success_have_identical_primitive_traces) ... ok
test_corrupt_descriptor_fields_are_rejected_before_hooks_run (test_succinct_probes_review.SuccinctProbeReviewTests.test_corrupt_descriptor_fields_are_rejected_before_hooks_run) ... ok
test_equal_but_distinct_tuples_are_not_structurally_interned (test_succinct_probes_review.SuccinctProbeReviewTests.test_equal_but_distinct_tuples_are_not_structurally_interned) ... ok
test_handmade_valid_metadata_and_cross_branch_sharing (test_succinct_probes_review.SuccinctProbeReviewTests.test_handmade_valid_metadata_and_cross_branch_sharing) ... ok
test_huge_doubled_mixed_pattern_boundary_rows (test_succinct_probes_review.SuccinctProbeReviewTests.test_huge_doubled_mixed_pattern_boundary_rows) ... ok
test_transition_is_independent_of_terms_files_compilers_and_history (test_succinct_probes_review.SuccinctProbeReviewTests.test_transition_is_independent_of_terms_files_compilers_and_history) ... ok
test_all_2955_small_row_lists_preserve_every_observation (test_succinct_rows.SuccinctRowsTests.test_all_2955_small_row_lists_preserve_every_observation) ... ok
test_binary_search_and_pattern_decoder_iteration_bounds (test_succinct_rows.SuccinctRowsTests.test_binary_search_and_pattern_decoder_iteration_bounds) ... ok
test_constructor_rejects_malformed_immutable_code_and_targets (test_succinct_rows.SuccinctRowsTests.test_constructor_rejects_malformed_immutable_code_and_targets) ... ok
test_deep_linear_pattern_scoped_leaf_without_recursion (test_succinct_rows.SuccinctRowsTests.test_deep_linear_pattern_scoped_leaf_without_recursion) ... ok
test_deep_shared_virtual_patterns_fail_under_external_tick_caps (test_succinct_rows.SuccinctRowsTests.test_deep_shared_virtual_patterns_fail_under_external_tick_caps) ... ok
test_empty_and_zero_state_wildcards_keep_unreachable_controls (test_succinct_rows.SuccinctRowsTests.test_empty_and_zero_state_wildcards_keep_unreachable_controls) ... ok
test_first_match_priority_and_nonroot_failure_restoration (test_succinct_rows.SuccinctRowsTests.test_first_match_priority_and_nonroot_failure_restoration) ... ok
test_frozen_plain_metadata_and_runtime_needs_no_source_or_compiler (test_succinct_rows.SuccinctRowsTests.test_frozen_plain_metadata_and_runtime_needs_no_source_or_compiler) ... ok
test_full_microtick_traces_and_selected_cursor_at_every_small_occurrence (test_succinct_rows.SuccinctRowsTests.test_full_microtick_traces_and_selected_cursor_at_every_small_occurrence) ... ok
test_graph_bound_need_not_be_attained_by_an_input_tree (test_succinct_rows.SuccinctRowsTests.test_graph_bound_need_not_be_attained_by_an_input_tree) ... ok
test_identity_reuse_keeps_separate_occurrence_intervals (test_succinct_rows.SuccinctRowsTests.test_identity_reuse_keeps_separate_occurrence_intervals) ... ok
test_independently_written_reversed_address_and_pattern_layout (test_succinct_rows.SuccinctRowsTests.test_independently_written_reversed_address_and_pattern_layout) ... ok
test_invalid_controls_and_observations_include_terminal_states (test_succinct_rows.SuccinctRowsTests.test_invalid_controls_and_observations_include_terminal_states) ... ok
test_invalid_rows_addresses_and_patterns_reject_custom_callbacks (test_succinct_rows.SuccinctRowsTests.test_invalid_rows_addresses_and_patterns_reject_custom_callbacks) ... ok
test_larger_seeded_lists_shared_dags_and_scoped_addresses (test_succinct_rows.SuccinctRowsTests.test_larger_seeded_lists_shared_dags_and_scoped_addresses) ... ok
test_success_failure_profiles_against_independent_graph_dp (test_succinct_rows.SuccinctRowsTests.test_success_failure_profiles_against_independent_graph_dp) ... ok
test_all_outer_integer_fields_reject_nonplain_values_before_hooks (test_succinct_rows_review.SuccinctRowsReviewTests.test_all_outer_integer_fields_reject_nonplain_values_before_hooks) ... ok
test_asymmetric_deep_addresses_and_terminal_specific_profiles (test_succinct_rows_review.SuccinctRowsReviewTests.test_asymmetric_deep_addresses_and_terminal_specific_profiles) ... ok
test_huge_mixed_rows_sparse_independent_indices_and_reversed_addresses (test_succinct_rows_review.SuccinctRowsReviewTests.test_huge_mixed_rows_sparse_independent_indices_and_reversed_addresses) ... ok
test_interval_gaps_overlap_reordering_and_illegal_fallthrough_are_rejected (test_succinct_rows_review.SuccinctRowsReviewTests.test_interval_gaps_overlap_reordering_and_illegal_fallthrough_are_rejected) ... ok
test_lookup_has_no_source_term_cursor_compiler_hash_or_history_access (test_succinct_rows_review.SuccinctRowsReviewTests.test_lookup_has_no_source_term_cursor_compiler_hash_or_history_access) ... ok
test_multiple_wildcard_cuts_preserve_all_unreachable_controls (test_succinct_rows_review.SuccinctRowsReviewTests.test_multiple_wildcard_cuts_preserve_all_unreachable_controls) ... ok
test_outer_constructor_revalidates_even_unused_pattern_children (test_succinct_rows_review.SuccinctRowsReviewTests.test_outer_constructor_revalidates_even_unused_pattern_children) ... ok
test_priority_obstructions_make_graph_bound_unattainable (test_succinct_rows_review.SuccinctRowsReviewTests.test_priority_obstructions_make_graph_bound_unattainable) ... ok
test_public_code_can_have_large_unused_indices_and_tiny_control_range (test_succinct_rows_review.SuccinctRowsReviewTests.test_public_code_can_have_large_unused_indices_and_tiny_control_range) ... ok
test_unused_large_counters_do_not_enlarge_active_lookup_integers (test_succinct_rows_review.SuccinctRowsReviewTests.test_unused_large_counters_do_not_enlarge_active_lookup_integers) ... ok
test_all_fragment_kinds_and_empty_boundaries (test_succinct_selector.SuccinctEmbeddingTests.test_all_fragment_kinds_and_empty_boundaries) ... ok
test_empty_walkers_keep_unreachable_feedback (test_succinct_selector.SuccinctEmbeddingTests.test_empty_walkers_keep_unreachable_feedback) ... ok
test_huge_virtual_offsets_and_direct_rows_after_embedding (test_succinct_selector.SuccinctEmbeddingTests.test_huge_virtual_offsets_and_direct_rows_after_embedding) ... ok
test_mixed_builder_order_forward_reservation_and_assignment (test_succinct_selector.SuccinctEmbeddingTests.test_mixed_builder_order_forward_reservation_and_assignment) ... ok
test_reservation_facade_is_not_a_virtual_collection (test_succinct_selector.SuccinctEmbeddingTests.test_reservation_facade_is_not_a_virtual_collection) ... ok
test_compile_scope_metadata_and_soft_time_limits (test_succinct_selector.SuccinctValidationTests.test_compile_scope_metadata_and_soft_time_limits) ... ok
test_control_observation_and_materialization_caps (test_succinct_selector.SuccinctValidationTests.test_control_observation_and_materialization_caps) ... ok
test_fragment_targets_exact_types_and_nested_validation (test_succinct_selector.SuccinctValidationTests.test_fragment_targets_exact_types_and_nested_validation) ... ok
test_immutable_representation (test_succinct_selector.SuccinctValidationTests.test_immutable_representation) ... ok
test_invalid_direct_instructions_and_terminal_rows (test_succinct_selector.SuccinctValidationTests.test_invalid_direct_instructions_and_terminal_rows) ... ok
test_invalid_interval_and_start_metadata (test_succinct_selector.SuccinctValidationTests.test_invalid_interval_and_start_metadata) ... ok
test_bounded_native_trace_has_identical_ticks_and_one_contraction (test_succinct_selector.WholeSuccinctSelectorTests.test_bounded_native_trace_has_identical_ticks_and_one_contraction) ... ok
test_every_same_index_primitive_and_frozen_legacy_digest (test_succinct_selector.WholeSuccinctSelectorTests.test_every_same_index_primitive_and_frozen_legacy_digest) ... 