{"total_test_methods": 721, "completed_before_interruption": 584, "remaining": 137, "prefix_log": "/tmp/s-turing-all-tests.log", "prefix_sha256": "e49b20ed9f26aec6af72889ea2cf6bc6dcfe7571dc887305eef0bdd087091836", "first_resumed_test": "test_succinct_selector.WholeSuccinctSelectorTests.test_every_same_index_primitive_and_frozen_legacy_digest", "last_resumed_test": "test_walkers.StructuralOracleTests.test_suffix_free_addresses_reconstruct_root_started_paths", "prefix_had_no_terminal_summary": true, "prefix_process_id_unavailable_after_runtime_interruption": true, "status": "running"}
test_every_same_index_primitive_and_frozen_legacy_digest (test_succinct_selector.WholeSuccinctSelectorTests.test_every_same_index_primitive_and_frozen_legacy_digest) ... ok
test_lookup_has_no_compiler_term_history_hash_or_file_access (test_succinct_selector.WholeSuccinctSelectorTests.test_lookup_has_no_compiler_term_history_hash_or_file_access) ... ok
test_period_one_full_materialization_is_exact (test_succinct_selector.WholeSuccinctSelectorTests.test_period_one_full_materialization_is_exact) ... ok
test_unmodified_execute_and_normal_absorption (test_succinct_selector.WholeSuccinctSelectorTests.test_unmodified_execute_and_normal_absorption) ... ok
test_compile_limits_are_explicit (test_succinct_selector_report.SuccinctSelectorReportTests.test_compile_limits_are_explicit) ... ok
test_deterministic_cli_omits_only_elapsed_durations_and_writes_same_bytes (test_succinct_selector_report.SuccinctSelectorReportTests.test_deterministic_cli_omits_only_elapsed_durations_and_writes_same_bytes) ... ok
test_exact_single_contraction_rejects_wrong_same_size_replacement (test_succinct_selector_report.SuccinctSelectorReportTests.test_exact_single_contraction_rejects_wrong_same_size_replacement) ... ok
test_failed_cli_does_not_write_success_artifact (test_succinct_selector_report.SuccinctSelectorReportTests.test_failed_cli_does_not_write_success_artifact) ... ok
test_graph_cap_precedes_virtual_lookup_and_accepts_exact_boundary (test_succinct_selector_report.SuccinctSelectorReportTests.test_graph_cap_precedes_virtual_lookup_and_accepts_exact_boundary) ... ok
test_graph_checks_all_entries_statuses_start_and_digest (test_succinct_selector_report.SuccinctSelectorReportTests.test_graph_checks_all_entries_statuses_start_and_digest) ... ok
test_graph_deadline_equality_stops_before_lookup (test_succinct_selector_report.SuccinctSelectorReportTests.test_graph_deadline_equality_stops_before_lookup) ... ok
test_growth_limit_precedes_contraction_and_exact_limit_succeeds (test_succinct_selector_report.SuccinctSelectorReportTests.test_growth_limit_precedes_contraction_and_exact_limit_succeeds) ... ok
test_immediate_absorption_is_checked_by_object_identity (test_succinct_selector_report.SuccinctSelectorReportTests.test_immediate_absorption_is_checked_by_object_identity) ... ok
test_invalid_bounds_precede_both_compilations (test_succinct_selector_report.SuccinctSelectorReportTests.test_invalid_bounds_precede_both_compilations) ... ok
test_invalid_graph_reference_mismatches_are_rejected (test_succinct_selector_report.SuccinctSelectorReportTests.test_invalid_graph_reference_mismatches_are_rejected) ... ok
test_native_limit_stops_before_second_selection (test_succinct_selector_report.SuccinctSelectorReportTests.test_native_limit_stops_before_second_selection) ... ok
test_per_invocation_and_cumulative_tick_caps_are_inclusive (test_succinct_selector_report.SuccinctSelectorReportTests.test_per_invocation_and_cumulative_tick_caps_are_inclusive) ... ok
test_replay_checks_archive_only_after_independent_selection (test_succinct_selector_report.SuccinctSelectorReportTests.test_replay_checks_archive_only_after_independent_selection) ... ok
test_selection_rejects_non_rdx_terminal_and_changed_tree (test_succinct_selector_report.SuccinctSelectorReportTests.test_selection_rejects_non_rdx_terminal_and_changed_tree) ... ok
test_selection_resets_root_control_and_trace_each_invocation (test_succinct_selector_report.SuccinctSelectorReportTests.test_selection_resets_root_control_and_trace_each_invocation) ... ok
test_all_85_native_contractions_match_archive_with_explicit_budgets (test_succinct_selector_review.SuccinctSelectorReviewTests.test_all_85_native_contractions_match_archive_with_explicit_budgets) ... ok
test_all_fragment_kinds_after_enormous_offsets (test_succinct_selector_review.SuccinctSelectorReviewTests.test_all_fragment_kinds_after_enormous_offsets) ... ok
test_class_whitelists_cannot_be_spoofed_by_metaclass_equality (test_succinct_selector_review.SuccinctSelectorReviewTests.test_class_whitelists_cannot_be_spoofed_by_metaclass_equality) ... ok
test_class_whitelists_reject_before_custom_metaclass_comparison (test_succinct_selector_review.SuccinctSelectorReviewTests.test_class_whitelists_reject_before_custom_metaclass_comparison) ... ok
test_direct_targets_and_rdx_target_are_validated_even_when_unreachable (test_succinct_selector_review.SuccinctSelectorReviewTests.test_direct_targets_and_rdx_target_are_validated_even_when_unreachable) ... ok
test_finished_table_retains_only_exact_frozen_code (test_succinct_selector_review.SuccinctSelectorReviewTests.test_finished_table_retains_only_exact_frozen_code) ... ok
test_metadata_exact_threshold_and_rejected_embedding_are_atomic (test_succinct_selector_review.SuccinctSelectorReviewTests.test_metadata_exact_threshold_and_rejected_embedding_are_atomic) ... ok
test_plain_type_preflight_precedes_all_uniformity_comparisons (test_succinct_selector_review.SuccinctSelectorReviewTests.test_plain_type_preflight_precedes_all_uniformity_comparisons) ... ok
test_randomized_compositions_forward_cross_and_self_targets (test_succinct_selector_review.SuccinctSelectorReviewTests.test_randomized_compositions_forward_cross_and_self_targets) ... ok
test_repeated_same_fragment_keeps_distinct_controls_and_forward_targets (test_succinct_selector_review.SuccinctSelectorReviewTests.test_repeated_same_fragment_keeps_distinct_controls_and_forward_targets) ... ok
test_all_585_small_row_lists_and_all_64_three_leaf_rows (test_succinct_walkers.SuccinctWalkerTests.test_all_585_small_row_lists_and_all_64_three_leaf_rows) ... ok
test_code_bounded_search_and_matcher_iterations (test_succinct_walkers.SuccinctWalkerTests.test_code_bounded_search_and_matcher_iterations) ... ok
test_deep_scoped_address_and_bad_deep_pattern_are_iterative (test_succinct_walkers.SuccinctWalkerTests.test_deep_scoped_address_and_bad_deep_pattern_are_iterative) ... ok
test_duplicate_identity_keeps_all_controls_and_no_source_objects (test_succinct_walkers.SuccinctWalkerTests.test_duplicate_identity_keeps_all_controls_and_no_source_objects) ... ok
test_empty_lists_empty_addresses_invalid_syntax_and_plain_type_boundaries (test_succinct_walkers.SuccinctWalkerTests.test_empty_lists_empty_addresses_invalid_syntax_and_plain_type_boundaries) ... ok
test_encoded_looking_trees_shared_occurrences_and_unchanged_execute (test_succinct_walkers.SuccinctWalkerTests.test_encoded_looking_trees_shared_occurrences_and_unchanged_execute) ... ok
test_every_failed_ancestor_prefix_restores_exact_occurrence (test_succinct_walkers.SuccinctWalkerTests.test_every_failed_ancestor_prefix_restores_exact_occurrence) ... ok
test_exact_profiles_are_graph_bounds_not_attainability_claims (test_succinct_walkers.SuccinctWalkerTests.test_exact_profiles_are_graph_bounds_not_attainability_claims) ... ok
test_frozen_metadata_no_compiler_tree_hash_files_or_hidden_runtime_registers (test_succinct_walkers.SuccinctWalkerTests.test_frozen_metadata_no_compiler_tree_hash_files_or_hidden_runtime_registers) ... ok
test_full_traces_for_10731_small_invocations (test_succinct_walkers.SuccinctWalkerTests.test_full_traces_for_10731_small_invocations) ... ok
test_huge_shared_virtual_code_uses_only_tiny_bounded_mismatches (test_succinct_walkers.SuccinctWalkerTests.test_huge_shared_virtual_code_uses_only_tiny_bounded_mismatches) ... ok
test_independent_literal_inverse_layout (test_succinct_walkers.SuccinctWalkerTests.test_independent_literal_inverse_layout) ... ok
test_malformed_metadata_and_unused_indices_are_validated (test_succinct_walkers.SuccinctWalkerTests.test_malformed_metadata_and_unused_indices_are_validated) ... ok
test_priority_and_overlapping_ancestor_limitations_are_unchanged (test_succinct_walkers.SuccinctWalkerTests.test_priority_and_overlapping_ancestor_limitations_are_unchanged) ... ok
test_seeded_shared_dags_and_deeper_prioritized_families (test_succinct_walkers.SuccinctWalkerTests.test_seeded_shared_dags_and_deeper_prioritized_families) ... ok
test_all_inverse_interval_boundaries_at_huge_nonuniform_indices (test_succinct_walkers_review.SuccinctWalkersReviewTests.test_all_inverse_interval_boundaries_at_huge_nonuniform_indices) ... ok
test_all_inverse_primitive_fields_and_illegal_continuations_rejected (test_succinct_walkers_review.SuccinctWalkersReviewTests.test_all_inverse_primitive_fields_and_illegal_continuations_rejected) ... ok
test_asymmetric_longer_families_and_exit_specific_graph_profiles (test_succinct_walkers_review.SuccinctWalkersReviewTests.test_asymmetric_longer_families_and_exit_specific_graph_profiles) ... ok
test_empty_families_keep_the_unused_boolean_feedback_and_absorb_false (test_succinct_walkers_review.SuccinctWalkersReviewTests.test_empty_families_keep_the_unused_boolean_feedback_and_absorb_false) ... ok
test_every_side_miss_restores_before_fallback_at_root_and_wrong_side (test_succinct_walkers_review.SuccinctWalkersReviewTests.test_every_side_miss_restores_before_fallback_at_root_and_wrong_side) ... ok
test_large_unused_counts_and_indices_never_enter_active_lookup (test_succinct_walkers_review.SuccinctWalkersReviewTests.test_large_unused_counts_and_indices_never_enter_active_lookup) ... ok
test_late_matcher_failure_restores_all_edges_before_a_different_candidate (test_succinct_walkers_review.SuccinctWalkersReviewTests.test_late_matcher_failure_restores_all_edges_before_a_different_candidate) ... ok
test_lookup_and_unchanged_runtime_do_not_use_sources_compilers_or_cursor_helpers (test_succinct_walkers_review.SuccinctWalkersReviewTests.test_lookup_and_unchanged_runtime_do_not_use_sources_compilers_or_cursor_helpers) ... ok
test_retained_code_contains_only_immutable_fields_and_fixed_source_addresses (test_succinct_walkers_review.SuccinctWalkersReviewTests.test_retained_code_contains_only_immutable_fields_and_fixed_source_addresses) ... ok
test_wrapper_revalidates_forged_rows_and_unused_nested_child_metadata (test_succinct_walkers_review.SuccinctWalkersReviewTests.test_wrapper_revalidates_forged_rows_and_unused_nested_child_metadata) ... ok
test_bp2_immediate_halt_output_all_positions (test_universal_bp2_frontend.UniversalBP2FrontendTests.test_bp2_immediate_halt_output_all_positions) ... ok
test_bp2_nonhalt_trigger_then_halt_and_diagonal_correction (test_universal_bp2_frontend.UniversalBP2FrontendTests.test_bp2_nonhalt_trigger_then_halt_and_diagonal_correction) ... ok
test_chain_macros_shared_registers_and_both_branches (test_universal_bp2_frontend.UniversalBP2FrontendTests.test_chain_macros_shared_registers_and_both_branches) ... ok
test_end_to_end_standard_counter_inputs_and_fixed_output (test_universal_bp2_frontend.UniversalBP2FrontendTests.test_end_to_end_standard_counter_inputs_and_fixed_output) ... ok
test_initializer_exhaustive_small_vectors (test_universal_bp2_frontend.UniversalBP2FrontendTests.test_initializer_exhaustive_small_vectors) ... ok
test_literal_closed_nonhalting_cycle (test_universal_bp2_frontend.UniversalBP2FrontendTests.test_literal_closed_nonhalting_cycle) ... ok
test_naive_increment_prefix_changes_nonhalt_to_halt (test_universal_bp2_frontend.UniversalBP2FrontendTests.test_naive_increment_prefix_changes_nonhalt_to_halt) ... ok
test_waterfall_all_small_successor_and_branch_cases (test_universal_bp2_frontend.UniversalBP2FrontendTests.test_waterfall_all_small_successor_and_branch_cases) ... ok
test_all_two_callsite_chains_have_exact_syntax_step_counts (test_universal_bp2_frontend_review.UniversalBP2FrontendReviewTests.test_all_two_callsite_chains_have_exact_syntax_step_counts) ... ok
test_exact_compiler_size_is_syntax_only_even_for_infinite_sources (test_universal_bp2_frontend_review.UniversalBP2FrontendReviewTests.test_exact_compiler_size_is_syntax_only_even_for_infinite_sources) ... ok
test_exhaustive_small_bp2_stable_boundaries_and_zero_entries (test_universal_bp2_frontend_review.UniversalBP2FrontendReviewTests.test_exhaustive_small_bp2_stable_boundaries_and_zero_entries) ... ok
test_marker_claims_need_boundary_qualification (test_universal_bp2_frontend_review.UniversalBP2FrontendReviewTests.test_marker_claims_need_boundary_qualification) ... ok
test_symbolic_waterfall_rows_preserve_unbounded_counter_parameters (test_universal_bp2_frontend_review.UniversalBP2FrontendReviewTests.test_symbolic_waterfall_rows_preserve_unbounded_counter_parameters) ... ok
test_encoder_preflights_before_vectors_or_seed_allocation (test_ut19.UT19Tests.test_encoder_preflights_before_vectors_or_seed_allocation) ... ok
test_event_is_pretransition_take_head_only (test_ut19.UT19Tests.test_event_is_pretransition_take_head_only) ... ok
test_literal_seed_vectors_sizes_and_generic_conversion (test_ut19.UT19Tests.test_literal_seed_vectors_sizes_and_generic_conversion) ... ok
test_published_table_and_exact_fixed_cts (test_ut19.UT19Tests.test_published_table_and_exact_fixed_cts) ... ok
test_rx_matches_subset_oracle_temporal_oracle_and_involution (test_ut19.UT19Tests.test_rx_matches_subset_oracle_temporal_oracle_and_involution) ... ok
test_size_formula_over_small_dense_programs (test_ut19.UT19Tests.test_size_formula_over_small_dense_programs) ... ok
test_source_semantics_restart_halt_and_no_counter_reset (test_ut19.UT19Tests.test_source_semantics_restart_halt_and_no_counter_reset) ... ok
test_source_step_limits_are_before_mutation (test_ut19.UT19Tests.test_source_step_limits_are_before_mutation) ... ok
test_strict_validation_and_immutability (test_ut19.UT19Tests.test_strict_validation_and_immutability) ... ok
test_subclass_inputs_cannot_bypass_immutable_preflight (test_ut19.UT19Tests.test_subclass_inputs_cannot_bypass_immutable_preflight) ... ok
test_all_small_legal_instruction_and_restart_boundaries (test_ut19_counter_kernel.UT19CounterKernelTests.test_all_small_legal_instruction_and_restart_boundaries) ... ok
test_first_halt_event_preserves_all_counter_output_runs (test_ut19_counter_kernel.UT19CounterKernelTests.test_first_halt_event_preserves_all_counter_output_runs) ... ok
test_increment_all_exponents_and_exterior_alignments (test_ut19_counter_kernel.UT19CounterKernelTests.test_increment_all_exponents_and_exterior_alignments) ... ok
test_initial_19_sets_odd_command_without_changing_the_pass_output (test_ut19_counter_kernel.UT19CounterKernelTests.test_initial_19_sets_odd_command_without_changing_the_pass_output) ... ok
test_nonzero_decrement_even_and_odd_reset_are_distinct (test_ut19_counter_kernel.UT19CounterKernelTests.test_nonzero_decrement_even_and_odd_reset_are_distinct) ... ok
test_production_width_vectors_against_independent_action_encoder (test_ut19_counter_kernel.UT19CounterKernelTests.test_production_width_vectors_against_independent_action_encoder) ... ok
test_protected_counter_increments_under_both_command_alignments (test_ut19_counter_kernel.UT19CounterKernelTests.test_protected_counter_increments_under_both_command_alignments) ... ok
test_widths_telescope_to_actions_and_published_formula (test_ut19_counter_kernel.UT19CounterKernelTests.test_widths_telescope_to_actions_and_published_formula) ... ok
test_zero_decrement_has_four_exterior_cases (test_ut19_counter_kernel.UT19CounterKernelTests.test_zero_decrement_has_four_exterior_cases) ... ok
test_zero_outputs_from_canonical_zero_start (test_ut19_counter_kernel.UT19CounterKernelTests.test_zero_outputs_from_canonical_zero_start) ... ok
test_eight_native_rewrites_with_recorded_sizes_but_no_selector_run (test_ut19_event_language_report.UT19EventLanguageReportTests.test_eight_native_rewrites_with_recorded_sizes_but_no_selector_run) ... ok
test_exact_fixed_instance_and_labelled_record (test_ut19_event_language_report.UT19EventLanguageReportTests.test_exact_fixed_instance_and_labelled_record) ... ok
test_syntax_positives_negatives_and_initial_arity_exclusion (test_ut19_event_language_report.UT19EventLanguageReportTests.test_syntax_positives_negatives_and_initial_arity_exclusion) ... ok
test_all_one_counter_programs_through_four_commands (test_ut19_frontend_review.UT19FrontendReviewTests.test_all_one_counter_programs_through_four_commands) ... ok
test_two_counter_halts_and_closed_cycles_through_three_commands (test_ut19_frontend_review.UT19FrontendReviewTests.test_two_counter_halts_and_closed_cycles_through_three_commands) ... ok
test_actual_cts_zero_steps_give_exact_phase_17_suffix (test_ut19_readout.UT19ReadoutTests.test_actual_cts_zero_steps_give_exact_phase_17_suffix) ... ok
test_all_wrong_cts_phases_and_skipped_18_reject (test_ut19_readout.UT19ReadoutTests.test_all_wrong_cts_phases_and_skipped_18_reject) ... ok
test_complete_checked_in_first_event_queues (test_ut19_readout.UT19ReadoutTests.test_complete_checked_in_first_event_queues) ... ok
test_configuration_and_field_subclasses_or_mutations_reject (test_ut19_readout.UT19ReadoutTests.test_configuration_and_field_subclasses_or_mutations_reject) ... ok
test_counter_count_is_not_fixed_by_the_19_symbol_alphabet (test_ut19_readout.UT19ReadoutTests.test_counter_count_is_not_fixed_by_the_19_symbol_alphabet) ... ok
test_exact_input_and_output_resource_boundaries (test_ut19_readout.UT19ReadoutTests.test_exact_input_and_output_resource_boundaries) ... ok
test_forbidden_reset_alphabet_symbols_reject (test_ut19_readout.UT19ReadoutTests.test_forbidden_reset_alphabet_symbols_reject) ... ok
test_ignored_18_and_wrong_tag_head_or_phase_are_not_results (test_ut19_readout.UT19ReadoutTests.test_ignored_18_and_wrong_tag_head_or_phase_are_not_results) ... ok
test_independent_widths_and_bits_are_intentional (test_ut19_readout.UT19ReadoutTests.test_independent_widths_and_bits_are_intentional) ... ok
test_input_caps_preflight_before_any_scan (test_ut19_readout.UT19ReadoutTests.test_input_caps_preflight_before_any_scan) ... ok
test_limits_are_exact_plain_immutable_and_rechecked (test_ut19_readout.UT19ReadoutTests.test_limits_are_exact_plain_immutable_and_rechecked) ... ok
test_malformed_cts_head_codes_blocks_and_truncation_reject (test_ut19_readout.UT19ReadoutTests.test_malformed_cts_head_codes_blocks_and_truncation_reject) ... ok
test_malformed_or_truncated_reset_and_final_memory_reject (test_ut19_readout.UT19ReadoutTests.test_malformed_or_truncated_reset_and_final_memory_reject) ... ok
test_no_evaluator_encoder_boundary_parser_or_trace_is_used (test_ut19_readout.UT19ReadoutTests.test_no_evaluator_encoder_boundary_parser_or_trace_is_used) ... ok
test_pure_repeatable_reads_leave_both_inputs_unchanged (test_ut19_readout.UT19ReadoutTests.test_pure_repeatable_reads_leave_both_inputs_unchanged) ... ok
test_run_lengths_must_be_positive_powers_of_four_at_least_four (test_ut19_readout.UT19ReadoutTests.test_run_lengths_must_be_positive_powers_of_four_at_least_four) ... ok
test_varied_values_counts_and_equal_memory_widths (test_ut19_readout.UT19ReadoutTests.test_varied_values_counts_and_equal_memory_widths) ... ok
test_zero_output_caps_reject_and_zero_value_costs_one_bit (test_ut19_readout.UT19ReadoutTests.test_zero_output_caps_reject_and_zero_value_costs_one_bit) ... ok
test_mutation_closure_against_independent_regex_and_integer_division (test_ut19_readout_review.UT19ReadoutReviewTests.test_mutation_closure_against_independent_regex_and_integer_division) ... ok
test_no_short_reset_word_is_misread_as_an_output (test_ut19_readout_review.UT19ReadoutReviewTests.test_no_short_reset_word_is_misread_as_an_output) ... ok
test_encoder_beyond_default_cap_uses_only_static_input_bounds (test_ut19_simulation_review.UT19SimulationReviewTests.test_encoder_beyond_default_cap_uses_only_static_input_bounds) ... ok
test_late_restart_and_last_protected_clock_observations (test_ut19_simulation_review.UT19SimulationReviewTests.test_late_restart_and_last_protected_clock_observations) ... ok
test_restart_preserves_other_counter_and_exact_output_grammar (test_ut19_simulation_review.UT19SimulationReviewTests.test_restart_preserves_other_counter_and_exact_output_grammar) ... ok
test_a_structural_result_mismatch_prevents_a_report (test_ut19_source_report.UT19ReportTests.test_a_structural_result_mismatch_prevents_a_report) ... ok
test_all_intermediates_and_exact_cycle_replayed_by_literal_oracle (test_ut19_source_report.UT19ReportTests.test_all_intermediates_and_exact_cycle_replayed_by_literal_oracle) ... ok
test_artifact_and_generation_are_deterministic (test_ut19_source_report.UT19ReportTests.test_artifact_and_generation_are_deterministic) ... ok
test_expected_sizes_event_indices_and_scope (test_ut19_source_report.UT19ReportTests.test_expected_sizes_event_indices_and_scope) ... ok
test_limits_raise_instead_of_false_completed_report (test_ut19_source_report.UT19ReportTests.test_limits_raise_instead_of_false_completed_report) ... ok
test_ambiguous_ancestor_candidates_break_descent_round_trip (test_walkers.InverseAdmissibilityTests.test_ambiguous_ancestor_candidates_break_descent_round_trip) ... ok
test_inverse_can_accept_a_row_shadowed_by_forward_priority (test_walkers.InverseAdmissibilityTests.test_inverse_can_accept_a_row_shadowed_by_forward_priority) ... ok
test_nested_start_requires_an_inverse_boundary (test_walkers.InverseAdmissibilityTests.test_nested_start_requires_an_inverse_boundary) ... ok
test_empty_addresses_rejected_even_in_shadowed_rows (test_walkers.RuntimeAndBoundaryTests.test_empty_addresses_rejected_even_in_shadowed_rows) ... ok
test_feedback_boundaries_strictly_progress_and_preserve_term_each_tick (test_walkers.RuntimeAndBoundaryTests.test_feedback_boundaries_strictly_progress_and_preserve_term_each_tick) ... ok
test_input_patterns_rows_and_scope_remain_checked (test_walkers.RuntimeAndBoundaryTests.test_input_patterns_rows_and_scope_remain_checked) ... ok
test_invalid_tables_and_local_observations_are_rejected (test_walkers.RuntimeAndBoundaryTests.test_invalid_tables_and_local_observations_are_rejected) ... ok
test_long_spines_without_runtime_patterns_equality_paths_or_counters (test_walkers.RuntimeAndBoundaryTests.test_long_spines_without_runtime_patterns_equality_paths_or_counters) ... ok
test_shared_subtree_occurrences_remain_distinct (test_walkers.RuntimeAndBoundaryTests.test_shared_subtree_occurrences_remain_distinct) ... ok
test_static_state_counts_and_coarse_microtick_bounds (test_walkers.RuntimeAndBoundaryTests.test_static_state_counts_and_coarse_microtick_bounds) ... ok
test_tables_are_total_immutable_and_have_only_designated_feedback (test_walkers.RuntimeAndBoundaryTests.test_tables_are_total_immutable_and_have_only_designated_feedback) ... ok
test_all_626_trees_and_all_8788_nested_starts (test_walkers.StructuralOracleTests.test_all_626_trees_and_all_8788_nested_starts) ... ok
test_failed_inverse_restores_on_every_reversed_address_prefix (test_walkers.StructuralOracleTests.test_failed_inverse_restores_on_every_reversed_address_prefix) ... ok
test_late_pattern_failure_restores_before_later_candidate (test_walkers.StructuralOracleTests.test_late_pattern_failure_restores_before_later_candidate) ... ok
test_one_inverse_row_undoes_its_successful_forward_edge (test_walkers.StructuralOracleTests.test_one_inverse_row_undoes_its_successful_forward_edge) ... ok
test_suffix_free_addresses_reconstruct_root_started_paths (test_walkers.StructuralOracleTests.test_suffix_free_addresses_reconstruct_root_started_paths) ... ok

----------------------------------------------------------------------
Ran 137 tests in 64.705s

OK
