Verified 56 project + 423 upstream Lean sources and 3 configs; Lean 4.33.1.
External direct imports: Init, Init.Data.Nat.Power2.Lemmas, Std
PureSFormal.CTS.Core: exit 0, 0.566s
PureSFormal.Computation.Enumerable: exit 0, 1.071s
PureSFormal.Computation.StandardMachine: exit 0, 0.666s
PureSFormal.Computation.CounterMachine: exit 0, 1.071s
PureSFormal.Rogozhin.Table: exit 0, 0.867s
PureSFormal.Rogozhin.Machine: exit 0, 0.415s
PureSFormal.Computation.RogozhinTagInput: exit 0, 0.567s
PureSFormal.Computation.RogozhinT2Semantics: exit 0, 0.465s
PureSFormal.Computation.DeletionTwoT2Normalizer: exit 0, 2.076s
PureSFormal.Computation.CounterMachineTag: exit 0, 12.963s
PureSFormal.Computation.RogozhinT2Simulation: exit 0, 20.370s
PureSFormal.Computation.RogozhinT2Iteration: exit 0, 0.465s
PureSFormal.Computation.RogozhinT2Halt: exit 0, 0.566s
PureSFormal.Computation.RogozhinT2Correctness: exit 0, 0.365s
PureSFormal.Cook.Tag: exit 0, 10.192s
PureSFormal.Cook.CTS: exit 0, 2.622s
PureSFormal.Cook.Macroperiod: exit 0, 2.671s
PureSFormal.Cook.HaltCleanup: exit 0, 1.018s
PureSFormal.Cook.HaltCleanupFirstEmpty: exit 0, 0.415s
PureSFormal.Cook.TagTrajectory: exit 0, 0.415s
PureSFormal.Cook.PassClassification: exit 0, 13.107s
PureSFormal.Computation.RogozhinT2Cook: exit 0, 0.415s
PureSFormal.Computation.SigmaOne: exit 0, 0.717s
PureSFormal.Computation.SigmaOneEvent: exit 0, 0.415s
PureSFormal.Computation.CounterMachineCook: exit 0, 0.465s
PureSFormal.PureS.Term: exit 0, 0.867s
PureSFormal.PureS.Reduction: exit 0, 0.465s
PureSFormal.PureS.Cursor: exit 0, 0.566s
PureSFormal.PureS.Pattern: exit 0, 0.565s
PureSFormal.PureS.Probe: exit 0, 0.669s
PureSFormal.PureS.CountedReduction: exit 0, 0.415s
PureSFormal.PureS.Script: exit 0, 0.516s
PureSFormal.WeakPath.Interface: exit 0, 0.467s
PureSFormal.PureS.FiniteController: exit 0, 0.716s
PureSFormal.WeakPath.CheckpointTime: exit 0, 0.415s
PureSFormal.PureS.ControllerTrajectory: exit 0, 0.616s
PureSFormal.PureS.ControllerProjection: exit 0, 0.467s
PureSFormal.PureS.ClosedTerms: exit 0, 0.566s
PureSFormal.PureS.Appender: exit 0, 0.416s
PureSFormal.PureS.Dispatcher: exit 0, 0.616s
PureSFormal.PureS.Activation: exit 0, 0.415s
PureSFormal.PureS.Actions: exit 0, 0.516s
PureSFormal.PureS.Arity: exit 0, 0.415s
PureSFormal.PureS.ActionParser: exit 0, 0.515s
PureSFormal.PureS.Frame: exit 0, 0.465s
PureSFormal.PureS.Carrier: exit 0, 0.617s
PureSFormal.PureS.CellSpine: exit 0, 0.666s
PureSFormal.PureS.BasePath: exit 0, 0.466s
PureSFormal.PureS.RouteGrammar: exit 0, 0.415s
PureSFormal.PureS.PendingFrame: exit 0, 0.566s
PureSFormal.PureS.CellDeletion: exit 0, 0.616s
PureSFormal.PureS.RouteParser: exit 0, 0.766s
PureSFormal.PureS.DispatchParser: exit 0, 0.516s
PureSFormal.PureS.RouteExecution: exit 0, 0.466s
PureSFormal.PureS.RouteAction: exit 0, 0.415s
PureSFormal.PureS.LocalResponse: exit 0, 0.416s
PureSFormal.PureS.MutableBase: exit 0, 0.616s
PureSFormal.PureS.RootPath: exit 0, 0.415s
PureSFormal.PureS.ReachableAudit: exit 0, 0.616s
PureSFormal.PureS.CanonicalTraversal: exit 0, 1.973s
PureSFormal.PureS.ActionDecode: exit 0, 0.415s
PureSFormal.PureS.CanonicalStep: exit 0, 0.966s
PureSFormal.PureS.CarrierDecoder: exit 0, 0.616s
PureSFormal.PureS.ActionTree: exit 0, 0.566s
PureSFormal.PureS.CompleteLayer: exit 0, 0.465s
PureSFormal.PureS.CarrierActionDecode: exit 0, 0.415s
PureSFormal.PureS.LocalTransition: exit 0, 0.469s
PureSFormal.PureS.CheckedTransition: exit 0, 0.566s
PureSFormal.PureS.BoundedJob: exit 0, 0.465s
PureSFormal.PureS.Clock: exit 0, 0.416s
PureSFormal.PureS.Dovetail: exit 0, 0.466s
PureSFormal.PureS.CheckpointDecoder: exit 0, 1.921s
PureSFormal.PureS.CheckpointConstructors: exit 0, 0.465s
PureSFormal.PureS.StageRun: exit 0, 0.465s
PureSFormal.PureS.DovetailRun: exit 0, 0.515s
PureSFormal.PureS.CheckpointRun: exit 0, 0.867s
PureSFormal.PureS.PrimitiveScripts: exit 0, 0.616s
PureSFormal.PureS.ContextCursor: exit 0, 0.516s
PureSFormal.PureS.PrimitiveClock: exit 0, 0.466s
PureSFormal.PureS.PrimitiveFuel: exit 0, 0.415s
PureSFormal.PureS.PrimitiveRoute: exit 0, 0.666s
PureSFormal.PureS.PrimitiveLocalResponse: exit 0, 0.421s
PureSFormal.PureS.ProbeCompiler: exit 0, 1.519s
PureSFormal.PureS.SchedulerControl: exit 0, 4.527s
PureSFormal.PureS.CheckpointExclusion: exit 0, 0.917s
PureSFormal.PureS.PublicDecoder: exit 0, 0.466s
PureSFormal.PureS.ExactCheckpointRun: exit 0, 0.668s
PureSFormal.PureS.SchedulerExecution: exit 0, 1.117s
PureSFormal.PureS.SchedulerDescent: exit 0, 1.117s
PureSFormal.PureS.SchedulerInvariant: exit 0, 3.524s
PureSFormal.PureS.SchedulerDecoder: exit 0, 0.365s
PureSFormal.PureS.TermEvent: exit 0, 0.415s
PureSFormal.Computation.PureSEvent: exit 0, 0.365s
PureSFormal.PureS.BalancedActionTree: exit 0, 0.565s
PureSFormal.PureS.CursorPositions: exit 0, 0.415s
PureSFormal.PureS.FiniteControllerBound: exit 0, 0.515s
PureSFormal.PureS.SchedulerBound: exit 0, 0.516s
PureSFormal.Computation.CounterMachinePureS: exit 0, 0.365s
PureSFormal.Research.ProtectedTrieAlgebra: exit 0, 0.415s
PureSFormal.Research.ProtectedTrieParser: exit 0, 0.666s
PureSFormal.Research.ProtectedTrieSeed: exit 0, 0.415s
PureSFormal.Research.ProtectedTrieEncoderSize: exit 0, 0.415s
PureSFormal.Research.ProtectedTrieEnumeration: exit 0, 0.518s
PureSFormal.Research.ProtectedTrieSingleOpening: exit 0, 1.419s
PureSFormal.Research.ProtectedTrieBuild: exit 0, 0.515s
PureSFormal.Research.ProtectedTrieCertificates: exit 0, 0.465s
PureSFormal.Research.ProtectedTrieFinitePrefix: exit 0, 0.416s
PureSFormal.Research.ProtectedTriePrefixBuild: exit 0, 0.465s
PureSFormal.Research.ProtectedTrieConfluence: exit 0, 0.415s
PureSFormal.Research.ProtectedTrieMachine: exit 0, 0.716s
PureSFormal.Research.ProtectedTrieTableau: exit 0, 0.666s
PureSFormal.Research.ProtectedTrieMachineCode: exit 0, 0.565s
PureSFormal.Research.ProtectedTrieMonotoneBuild: exit 0, 0.415s
PureSFormal.Research.ProtectedTrieProjection: exit 0, 1.168s
PureSFormal.Research.ProtectedTrieSubdivisionMeasure: exit 0, 0.517s
PureSFormal.Research.ProtectedTrieStrong: exit 0, 0.718s
PureSFormal.Research.ProtectedTrieTableauLabel: exit 0, 0.515s
PureSFormal.Research.ProtectedTrieLabelledObserver: exit 0, 0.668s
PureSFormal.Research.ProtectedTrieMachineAgreement: exit 0, 0.465s
PureSFormal.Research.ProtectedTrieSubdivision: exit 0, 2.474s
PureSFormal.Research.ProtectedTrieSimplePath: exit 0, 0.666s
PureSFormal.Research.ProtectedTrieTableauExactCost: exit 0, 2.020s
PureSFormal.Research.ProtectedTrieTableauExactResource: exit 0, 4.326s
PureSFormal.Research.ProtectedTrieWholeObserverExactCost: exit 0, 5.588s
PureSFormal.Research.ProtectedTrieStrongTheorem: exit 0, 0.616s
PureSFormal.Research.ProtectedTrieLabelSemantics: exit 0, 0.465s
PureSFormal.Research.ProtectedTrieStrongCompleteness: exit 0, 0.616s
PureSFormal.Research.ProtectedTrieDeterministicCompiler: exit 0, 0.616s
PureSFormal.Computation.DeterministicTapeCounterCompiler: exit 0, 0.867s
PureSFormal.Computation.ThreeCounter: exit 0, 0.465s
PureSFormal.Computation.DeterministicTapeThreeCounterCompiler: exit 0, 2.524s
PureSFormal.Computation.ThreeCounterTag: exit 0, 3.582s
PureSFormal.Computation.DeterministicTapeCook: exit 0, 0.515s
PureSFormal.PureS.SchedulerAscent: exit 0, 1.067s
PureSFormal.PureS.SchedulerResponse: exit 0, 0.666s
PureSFormal.PureS.SchedulerContinuation: exit 0, 0.515s
PureSFormal.PureS.SchedulerEmpty: exit 0, 0.566s
PureSFormal.PureS.SchedulerProductivity: exit 0, 0.417s
PureSFormal.PureS.SchedulerResponseInvariant: exit 0, 1.117s
PureSFormal.PureS.SchedulerCycle: exit 0, 2.220s
PureSFormal.PureS.SchedulerResponseClassification: exit 0, 0.415s
PureSFormal.PureS.SchedulerRootContinuation: exit 0, 0.917s
PureSFormal.PureS.SchedulerCompletedContext: exit 0, 0.465s
PureSFormal.PureS.SchedulerRecurrence: exit 0, 0.816s
PureSFormal.PureS.SchedulerGlobalRecurrence: exit 0, 0.816s
PureSFormal.PureS.SchedulerNestedPhase: exit 0, 1.017s
PureSFormal.PureS.SchedulerTraceAlgebra: exit 0, 0.465s
PureSFormal.PureS.SchedulerAllStages: exit 0, 0.666s
PureSFormal.PureS.SchedulerNestedResponse: exit 0, 2.020s
PureSFormal.PureS.SchedulerNestedEmpty: exit 0, 1.523s
PureSFormal.PureS.SchedulerFirstEmpty: exit 0, 1.571s
PureSFormal.PureS.SchedulerJobHandoff: exit 0, 0.515s
PureSFormal.PureS.SchedulerMixedNonfinalJobs: exit 0, 0.516s
PureSFormal.PureS.SchedulerNonfinalEmptyJobs: exit 0, 0.566s
PureSFormal.PureS.SchedulerNonfinalJobs: exit 0, 0.565s
PureSFormal.PureS.SchedulerStageCases: exit 0, 0.466s
PureSFormal.PureS.SchedulerStageAssembly: exit 0, 1.117s
PureSFormal.Computation.DeterministicTapePureS: exit 0, 0.415s
PureSFormal.Computation.EncodedSigmaOneTermEvent: exit 0, 0.415s
PureSFormal.PureS.TermNatCode: exit 0, 0.616s
PureSFormal.Computation.EncodedSigmaOneNatEvent: exit 0, 0.415s
PureSFormal.Cook.PassDecoder: exit 0, 1.017s
PureSFormal.PureS.CheckpointTime: exit 0, 0.566s
PureSFormal.PureS.EncoderSize: exit 0, 0.716s
PureSFormal.PureS.TermGrowth: exit 0, 0.515s
PureSFormal.Research.RootResetSelectorContract: exit 0, 0.820s
PureSFormal.Research.RootResetEulerWalker: exit 0, 7.185s
PureSFormal.Research.RootResetDeletionGadget: exit 0, 0.816s
PureSFormal.Research.RootResetProgressRoles: exit 0, 0.566s
PureSFormal.Research.RootResetProgressSpine: exit 0, 0.721s
PureSFormal.Research.RootResetAccumulatorClassifier: exit 0, 0.816s
PureSFormal.Research.RootResetExactTraceAgreement: exit 0, 0.516s
PureSFormal.Research.RootResetStageRegistry: exit 0, 1.368s
PureSFormal.Research.RootResetReachableStageGrammar: exit 0, 1.067s
PureSFormal.Research.RootResetWholeStageClassifier: exit 0, 1.117s
PureSFormal.Research.RootResetClockFuelStages: exit 0, 2.630s
PureSFormal.Research.RootResetClockFuelCanonicalGrammar: exit 0, 1.021s
PureSFormal.Research.RootResetAppenderStages: exit 0, 0.916s
PureSFormal.Research.RootResetWholeAppenderStages: exit 0, 1.121s
PureSFormal.Research.RootResetDispatcherNodeStages: exit 0, 0.718s
PureSFormal.Research.RootResetWholeDispatcherStages: exit 0, 1.570s
PureSFormal.Research.RootResetResponseBoundaryStages: exit 0, 1.620s
PureSFormal.Research.RootResetCompositeStageRegistry: exit 0, 1.217s
PureSFormal.Research.RootResetPersistentFuelCarrier: exit 0, 0.866s
PureSFormal.Research.RootResetReachableActiveContext: exit 0, 0.566s
PureSFormal.Research.RootResetTwentySevenStageRegistry: exit 0, 1.468s
PureSFormal.Research.RootResetPersistentRouteA: exit 0, 1.068s
PureSFormal.Research.RootResetPersistentRouteAFuel: exit 0, 0.716s
PureSFormal.Research.RootResetDispatcherSelectedHandoff: exit 0, 0.517s
PureSFormal.Research.RootResetRuntimeContextBridge: exit 0, 0.465s
PureSFormal.Research.RootResetPersistentSelectedAddressBridge: exit 0, 0.415s
PureSFormal.Research.RootResetWholeDispatcherSelectedHandoff: exit 0, 0.666s
PureSFormal.Research.RootResetResponseSampleParserBridge: exit 0, 0.919s
PureSFormal.Research.RootResetPersistentCarrierTraversalAgreement: exit 0, 0.565s
PureSFormal.Research.RootResetSelectedFrontParserAgreement: exit 0, 0.716s
PureSFormal.Research.RootResetPersistentResponseSelector: exit 0, 1.167s
PureSFormal.Research.RootResetPersistentRouteAFuelSchedulerBridge: exit 0, 0.716s
PureSFormal.Research.RootResetFirstResponseSelectorChain: exit 0, 0.465s
PureSFormal.Research.RootResetPersistentInitialBridge: exit 0, 0.616s
PureSFormal.Research.RootResetPersistentSelector: exit 0, 0.365s
PureSFormal.Research.RootResetPersistentClockFuelAgreement: exit 0, 1.569s
PureSFormal.Research.RootResetResponseSelectorInitialAgreement: exit 0, 0.566s
PureSFormal.Research.RootResetTraversableCompletedParents: exit 0, 0.616s
PureSFormal.Research.RootResetResponseClockFuelAgreement: exit 0, 1.467s
PureSFormal.Research.RootResetTermOnlyTransfer: exit 0, 0.365s
PureSFormal.Research.RootResetInitialContractionPrefix: exit 0, 0.465s
PureSFormal.Research.RootResetFrameFirstSelectorProof: exit 0, 0.716s
PureSFormal.Research.RootResetFrameSecondSelectorProof: exit 0, 0.916s
PureSFormal.Research.RootResetNormalResponseSelectorChain: exit 0, 0.415s
PureSFormal.Research.RootResetEmptyResponseSelectorChain: exit 0, 0.616s
PureSFormal.Research.RootResetEmptyResponseCommit: exit 0, 0.565s
PureSFormal.Research.RootResetWrappedFrameSelectorProof: exit 0, 0.917s
PureSFormal.Research.RootResetMarkedFrameSelectorProof: exit 0, 0.766s
PureSFormal.Research.RootResetEmptyRouteSelectorChain: exit 0, 0.867s
PureSFormal.Research.RootResetPendingResponseContext: exit 0, 0.565s
PureSFormal.Research.RootResetWrappedEmptyRouteSelectorChain: exit 0, 0.566s
PureSFormal.Research.RootResetWrappedEmptyCommit: exit 0, 0.866s
PureSFormal.Research.RootResetActivatedRouteExclusion: exit 0, 0.465s
PureSFormal.Research.RootResetPatternFragment: exit 0, 0.566s
PureSFormal.Research.RootResetLocalContinuationFragment: exit 0, 0.670s
PureSFormal.Research.RootResetCompletedLocalPatterns: exit 0, 0.616s
PureSFormal.Research.RootResetCarrierEdgePatterns: exit 0, 0.616s
PureSFormal.Research.RootResetCompletedAppenderPriority: exit 0, 0.515s
PureSFormal.Research.RootResetEmptyHandoffContext: exit 0, 0.616s
PureSFormal.Research.RootResetEmptyPostMarkerHandoff: exit 0, 1.068s
PureSFormal.Research.RootResetEmptySweepSelectorChain: exit 0, 0.515s
PureSFormal.Research.RootResetInitialEmptySweep: exit 0, 0.566s
PureSFormal.Research.RootResetEmptyTerminalResponse: exit 0, 0.466s
PureSFormal.Research.RootResetEmptyContinuationSelector: exit 0, 0.515s
PureSFormal.Research.RootResetResponseCarrierChronology: exit 0, 0.616s
PureSFormal.Research.RootResetNonemptyAppenderSelector: exit 0, 0.716s
PureSFormal.Research.RootResetAppenderSelectorChain: exit 0, 0.566s
PureSFormal.Research.RootResetNormalResponseBodyChain: exit 0, 0.566s
PureSFormal.Research.RootResetWrappedAppenderSelectorChain: exit 0, 0.716s
PureSFormal.Research.RootResetNormalResponseContextChain: exit 0, 0.465s
PureSFormal.Research.RootResetFirstNormalResponseChain: exit 0, 0.415s
PureSFormal.Research.RootResetGeneratedTraversableParents: exit 0, 0.415s
PureSFormal.Research.RootResetEmptyContinuationChain: exit 0, 0.465s
PureSFormal.Research.RootResetEmptyJobSelectorChain: exit 0, 0.516s
PureSFormal.Research.RootResetMarkedFuelSelectorChain: exit 0, 0.616s
PureSFormal.Research.RootResetCompleteEmptyJob: exit 0, 0.465s
PureSFormal.Research.RootResetEmptyJobsSelectorChain: exit 0, 0.516s
PureSFormal.Research.RootResetMarkedClockSelectorChain: exit 0, 0.515s
PureSFormal.Research.RootResetFreshClockSelectorChain: exit 0, 0.867s
PureSFormal.Research.RootResetFreshFuelSelectorChain: exit 0, 0.766s
PureSFormal.Research.RootResetFreshResponseSelectorChain: exit 0, 1.017s
PureSFormal.Research.RootResetFreshAppenderSelectorChain: exit 0, 0.616s
PureSFormal.Research.RootResetCarrierChronologyPreservation: exit 0, 0.616s
PureSFormal.Research.RootResetGeneratedFrontParserAgreement: exit 0, 0.516s
PureSFormal.Research.RootResetPendingCompletedResponse: exit 0, 0.716s
PureSFormal.Research.RootResetPendingDeletedResponse: exit 0, 0.666s
PureSFormal.Research.RootResetPendingResponseFrontHandoff: exit 0, 0.666s
PureSFormal.Research.RootResetCompletedFrontPreservation: exit 0, 0.465s
PureSFormal.Research.RootResetFrontNonemptyAgreement: exit 0, 0.465s
PureSFormal.Research.RootResetCarrierImmediateLive: exit 0, 0.465s
PureSFormal.Research.RootResetCompletedLocalFragment: exit 0, 0.618s
PureSFormal.Research.RootResetEdgeFragment: exit 0, 0.566s
PureSFormal.Research.RootResetEdgeSpine: exit 0, 0.515s
PureSFormal.Research.RootResetCarrierNonemptyRows: exit 0, 0.515s
PureSFormal.Research.RootResetCarrierNonemptyAgreement: exit 0, 0.566s
PureSFormal.Research.RootResetInverseEdgeFragment: exit 0, 0.921s
PureSFormal.Research.RootResetInverseEdgeSpine: exit 0, 0.716s
PureSFormal.Research.RootResetProgressWalker: exit 0, 0.920s
PureSFormal.Research.RootResetProgressCompleteness: exit 0, 2.721s
PureSFormal.Research.RootResetProgressTotality: exit 0, 13.254s
PureSFormal.Research.RootResetCarrierNonemptyProbe: exit 0, 0.969s
PureSFormal.Research.RootResetCarrierScanParentBoundary: exit 0, 0.465s
PureSFormal.Research.RootResetCarrierInverseBoundary: exit 0, 0.466s
PureSFormal.Research.RootResetCarrierInverseUnique: exit 0, 0.920s
PureSFormal.Research.RootResetMixedLocalFragment: exit 0, 0.966s
PureSFormal.Research.RootResetDecodedCarrierNonemptyAgreement: exit 0, 0.466s
PureSFormal.Research.RootResetFrameSpineWalker: exit 0, 5.779s
PureSFormal.Research.RootResetFrameCarrierGuard: exit 0, 0.465s
PureSFormal.Research.RootResetNestedFramePatterns: exit 0, 0.465s
PureSFormal.Research.RootResetNestedFrameProbe: exit 0, 0.816s
PureSFormal.Research.RootResetNestedFrameAgreement: exit 0, 0.515s
PureSFormal.Research.RootResetNestedFrameCost: exit 0, 0.566s
PureSFormal.Research.RootResetCarrierProbeLocalBound: exit 0, 0.866s
PureSFormal.Research.RootResetMixedLocalAmortized: exit 0, 0.666s
PureSFormal.Research.RootResetMixedContinuationSpine: exit 0, 0.516s
PureSFormal.Research.RootResetPendingAdmissionFuelPatterns: exit 0, 0.515s
PureSFormal.Research.RootResetPendingAdmissionPatterns: exit 0, 0.465s
PureSFormal.Research.RootResetPendingAdmissionFragment: exit 0, 0.767s
PureSFormal.Research.RootResetPendingAdmissionInterleaved: exit 0, 0.967s
PureSFormal.Research.RootResetPendingAdmissionSegment: exit 0, 0.516s
PureSFormal.Research.RootResetPendingAdmissionFrameBridge: exit 0, 0.415s
PureSFormal.Research.RootResetActiveMarkedFrontend: exit 0, 1.418s
PureSFormal.Research.RootResetCleanTraversableParents: exit 0, 0.415s
PureSFormal.Research.RootResetFreshNormalResponseChain: exit 0, 0.565s
PureSFormal.Research.RootResetMixedResponseContext: exit 0, 1.267s
PureSFormal.Research.RootResetCleanParentPrefix: exit 0, 0.515s
PureSFormal.Research.RootResetActiveCleanParentsAgreement: exit 0, 0.565s
PureSFormal.Research.RootResetActivePendingAgreement: exit 0, 0.515s
PureSFormal.Research.RootResetLabelledPatternFragment: exit 0, 0.916s
PureSFormal.Research.RootResetLabelledEdgeProbe: exit 0, 0.716s
PureSFormal.Research.RootResetCellSpineRows: exit 0, 0.465s
PureSFormal.Research.RootResetCompleteCarrierRows: exit 0, 0.465s
PureSFormal.Research.RootResetCarrierOldestLiveProbe: exit 0, 1.017s
PureSFormal.Research.RootResetCarrierOldestLiveAgreement: exit 0, 0.618s
PureSFormal.Research.RootResetCarrierParityProbe: exit 0, 1.068s
PureSFormal.Research.RootResetCarrierParityAgreement: exit 0, 0.766s
PureSFormal.Research.RootResetProbeSequence: exit 0, 0.716s
PureSFormal.Research.RootResetCompletedResponseAtoms: exit 0, 0.565s
PureSFormal.Research.RootResetProbeBranch: exit 0, 0.818s
PureSFormal.Research.RootResetCompletedResponseProbe: exit 0, 0.565s
PureSFormal.Research.RootResetBaseQueueProbe: exit 0, 0.465s
PureSFormal.Research.RootResetCompletedResponseAgreement: exit 0, 0.565s
PureSFormal.Research.RootResetBaseQueueAgreement: exit 0, 0.565s
PureSFormal.Research.RootResetPendingAdmissionCarrierRejection: exit 0, 0.565s
PureSFormal.Research.RootResetPendingParentProbe: exit 0, 0.917s
PureSFormal.Research.RootResetScopedCarrierWorker: exit 0, 1.118s
PureSFormal.Research.RootResetPendingBaseProbe: exit 0, 0.866s
PureSFormal.Research.RootResetActiveBaseAgreement: exit 0, 0.465s
PureSFormal.Research.RootResetCarrierPhaseProbe: exit 0, 0.565s
PureSFormal.Research.RootResetAppenderFiniteRows: exit 0, 0.717s
PureSFormal.Research.RootResetAppenderRouteRows: exit 0, 0.565s
PureSFormal.Research.RootResetDispatcherStageRows: exit 0, 0.716s
PureSFormal.Research.RootResetDispatcherLocalRows: exit 0, 0.465s
PureSFormal.Research.RootResetDeletedBitRows: exit 0, 0.566s
PureSFormal.Research.RootResetDeletedBitAgreement: exit 0, 0.466s
PureSFormal.Research.RootResetResponseBitFiniteValue: exit 0, 0.465s
PureSFormal.Research.RootResetFrontBitProbe: exit 0, 0.716s
PureSFormal.Research.RootResetLocalDispatcherProbe: exit 0, 1.167s
PureSFormal.Research.RootResetClockGrowthWalker: exit 0, 1.368s
PureSFormal.Research.RootResetClockParityWalker: exit 0, 8.086s
PureSFormal.Research.RootResetNestedClockPatterns: exit 0, 0.415s
PureSFormal.Research.RootResetNestedClockCoreProbe: exit 0, 0.816s
PureSFormal.Research.RootResetNestedClockGrowthProbe: exit 0, 0.565s
PureSFormal.Research.RootResetNestedUnaryScan: exit 0, 0.666s
PureSFormal.Research.RootResetNestedUnaryParity: exit 0, 1.618s
PureSFormal.Research.RootResetNestedClockFirstPass: exit 0, 0.716s
PureSFormal.Research.RootResetNestedClockGrowthAgreement: exit 0, 0.515s
PureSFormal.Research.RootResetNestedClockSecondPass: exit 0, 2.070s
PureSFormal.Research.RootResetNestedClockProbe: exit 0, 0.916s
PureSFormal.Research.RootResetSelectedActionRows: exit 0, 0.716s
PureSFormal.Research.RootResetEndpointPipeline: exit 0, 0.515s
PureSFormal.Research.RootResetOrderedCarrier: exit 0, 0.716s
PureSFormal.Research.RootResetGeneratedCarrierLabels: exit 0, 0.415s
PureSFormal.Research.RootResetNestedClockProbeAgreement: exit 0, 0.515s
PureSFormal.Research.RootResetEndpointGeneratedMisses: exit 0, 0.566s
PureSFormal.Research.RootResetFuelFiniteRows: exit 0, 0.515s
PureSFormal.Research.RootResetFuelClockExclusion: exit 0, 2.070s
PureSFormal.Research.RootResetFuelEndpointPipeline: exit 0, 0.515s
PureSFormal.Research.RootResetActiveFuelEndpointAgreement: exit 0, 0.516s
PureSFormal.Research.RootResetFreshAncestorProbe: exit 0, 0.716s
PureSFormal.Research.RootResetFreshAncestorExitAgreement: exit 0, 0.616s
PureSFormal.Research.RootResetActiveClockEndpointAgreement: exit 0, 0.465s
PureSFormal.Research.RootResetProgressEulerSelector: exit 0, 15.960s
PureSFormal.Research.RootResetProgressEulerTotality: exit 0, 7.935s
PureSFormal.Research.RootResetProgressEulerContract: exit 0, 4.779s
PureSFormal.Research.RootResetReadonlySelector: exit 0, 0.921s
PureSFormal.Research.RootResetEmptyOriginProbe: exit 0, 0.617s
PureSFormal.Research.RootResetEmptyAwareResponseProbe: exit 0, 0.516s
PureSFormal.Research.RootResetScopedResponseProbes: exit 0, 0.465s
PureSFormal.Research.RootResetActiveEndpointProbe: exit 0, 0.515s
PureSFormal.Research.RootResetScopedBaseMisses: exit 0, 0.565s
PureSFormal.Research.RootResetActiveEndpointExecution: exit 0, 0.515s
PureSFormal.Research.RootResetEmptyStagesSelectorChain: exit 0, 0.515s
PureSFormal.Research.RootResetMixedEmptyCommit: exit 0, 0.916s
PureSFormal.Research.RootResetMixedCompletedFrontHandoff: exit 0, 1.067s
PureSFormal.Research.RootResetMixedClockFuelSelectorChain: exit 0, 0.465s
PureSFormal.Research.RootResetMixedNormalResponseChain: exit 0, 0.816s
PureSFormal.Research.RootResetMixedEmptyResponseChain: exit 0, 0.515s
PureSFormal.Research.RootResetMixedMarkedHandoff: exit 0, 0.916s
PureSFormal.Research.RootResetMixedEmptySweep: exit 0, 0.566s
PureSFormal.Research.RootResetGeneratedJobTraversability: exit 0, 0.967s
PureSFormal.Research.RootResetMixedNonemptySweep: exit 0, 0.766s
PureSFormal.Research.RootResetMixedFirstEmptyJob: exit 0, 0.716s
PureSFormal.Research.RootResetMixedBitConsJob: exit 0, 0.415s
PureSFormal.Research.RootResetCertifiedStageAssembly: exit 0, 0.465s
PureSFormal.Research.RootResetGeneratedEmptyTraversability: exit 0, 1.068s
PureSFormal.Research.RootResetGeneratedStageTraversability: exit 0, 1.017s
PureSFormal.Research.RootResetMixedStagePhaseSelectorChain: exit 0, 0.616s
PureSFormal.Research.RootResetMixedJobHandoff: exit 0, 0.415s
PureSFormal.Research.RootResetMixedNonemptyStages: exit 0, 0.716s
PureSFormal.Research.RootResetMixedFirstEmptyStages: exit 0, 0.766s
PureSFormal.WeakPathUniversality: exit 0, 0.465s
PureSFormal.Research.RootResetTermOnlyUniversalityTransfer: exit 0, 0.565s
PureSFormal.Research.RootResetAllInputsTraceAgreement: exit 0, 0.516s
PureSFormal.Research.RootResetAppenderMutationFiniteRows: exit 0, 0.365s
PureSFormal.Research.RootResetBaseEndpointExecution: exit 0, 0.666s
PureSFormal.Research.RootResetContractProjection: exit 0, 0.415s
PureSFormal.Research.RootResetEmptyAwareResponseAgreement: exit 0, 0.415s
PureSFormal.Research.RootResetResponseCandidateProbe: exit 0, 0.515s
PureSFormal.Research.RootResetFreshResponsePass: exit 0, 0.515s
PureSFormal.Research.RootResetMarkedAncestorProbe: exit 0, 0.768s
PureSFormal.Research.RootResetMarkedCandidateProbe: exit 0, 0.515s
PureSFormal.Research.RootResetPendingAncestorProbe: exit 0, 0.768s
PureSFormal.Research.RootResetMarkedHandoffPass: exit 0, 0.515s
PureSFormal.Research.RootResetReplayProbe: exit 0, 0.517s
PureSFormal.Research.RootResetPriorityReplay: exit 0, 0.465s
PureSFormal.Research.RootResetFinitePrioritySelector: exit 0, 0.415s
PureSFormal.Research.RootResetFinitePriorityExecution: exit 0, 0.415s
PureSFormal.Research.RootResetMarkedHandoffAgreement: exit 0, 0.616s
PureSFormal.Research.RootResetFreshHistoryRejection: exit 0, 0.616s
PureSFormal.Research.RootResetFinitePriorityAgreement: exit 0, 0.465s
PureSFormal.Research.RootResetHistoricalPriorityRejection: exit 0, 0.516s
PureSFormal.Research.RootResetFiniteBaseAgreement: exit 0, 0.816s
PureSFormal.Research.RootResetFiniteResponseEndpointAgreement: exit 0, 0.565s
PureSFormal.Research.RootResetFiniteFrameAgreement: exit 0, 0.516s
PureSFormal.Research.RootResetFiniteNormalResponseChain: exit 0, 0.666s
PureSFormal.Research.RootResetFiniteEmptyResponseChain: exit 0, 0.516s
PureSFormal.Research.RootResetFreshResponseExecution: exit 0, 0.516s
PureSFormal.Research.RootResetNormalCarrierEmptyExclusion: exit 0, 0.516s
PureSFormal.Research.RootResetGeneratedFreshResponseExecution: exit 0, 0.817s
PureSFormal.Research.RootResetInitialEmptyCommitAgreement: exit 0, 0.519s
PureSFormal.Research.RootResetFiniteEmptySweep: exit 0, 0.566s
PureSFormal.Research.RootResetPhasePriorityClear: exit 0, 3.024s
PureSFormal.Research.RootResetFiniteClockFuelSelection: exit 0, 0.515s
PureSFormal.Research.RootResetFiniteStagePhaseSelectorChain: exit 0, 0.666s
PureSFormal.Research.RootResetFiniteInitialPrelude: exit 0, 0.416s
PureSFormal.Research.RootResetFiniteJobHandoff: exit 0, 0.465s
PureSFormal.Research.RootResetFiniteInitialEmptyStages: exit 0, 0.615s
PureSFormal.Research.RootResetFiniteCompletedBoundaries: exit 0, 0.565s
PureSFormal.Research.RootResetFiniteMixedNonemptySweep: exit 0, 0.666s
PureSFormal.Research.RootResetFiniteFirstEmptyJob: exit 0, 0.666s
PureSFormal.Research.RootResetFiniteBitConsJob: exit 0, 0.466s
PureSFormal.Research.RootResetStageSelectionLaws: exit 0, 0.415s
PureSFormal.Research.RootResetParametricNonemptyStages: exit 0, 0.766s
PureSFormal.Research.RootResetParametricFirstEmptyStages: exit 0, 0.920s
PureSFormal.Research.RootResetParametricNonemptyTraceAgreement: exit 0, 0.415s
PureSFormal.Research.RootResetFiniteStageLaws: exit 0, 0.415s
PureSFormal.Research.RootResetFiniteAllInputsTraceAgreement: exit 0, 0.515s
SOnly38: exit 0, 1.268s
SOnlyEventPattern: exit 0, 0.565s
SOnlyEventTransfer: exit 0, 0.516s
SOnlyProvenance: exit 0, 1.269s
SOnlyProvenanceRows: exit 0, 0.615s
SOnlyGeneratedOrigins: exit 0, 0.716s
SOnlyCanonicalOrigins: exit 0, 0.565s
SOnlySource: exit 0, 1.120s
SOnlyCounter: exit 0, 0.867s
SOnlyResult: exit 0, 0.666s
SOnlyResultBits: exit 0, 0.616s
SOnlyEventResponse: exit 0, 0.465s
SOnlyObserver: exit 0, 0.716s
SOnlyStageEvents: exit 0, 0.616s
SOnlyWitnessResult: exit 0, 0.465s
SOnlyCurrentDecoder: exit 0, 0.515s
SOnlyDecoderBound: exit 0, 0.666s
SOnlyDecoderBoundCurrent: exit 0, 0.465s
SOnlyFirstEventOrigins: exit 0, 0.515s
SOnlySchedulerOrigins: exit 0, 0.616s
SOnlyGlobalAncestors: exit 0, 0.616s
SOnlyResponseLabels: exit 0, 1.573s
SOnlyGlobalOrigins: exit 0, 1.117s
SOnlyGlobalTerminal: exit 0, 0.766s
SOnlyGlobalStages: exit 0, 0.867s
SOnlyEventEquivalence: exit 0, 0.465s
SOnlyFirstEventResponse: exit 0, 0.666s
SOnlyGlobalFirstPrefix: exit 0, 0.666s
SOnlyGlobalFirstEvent: exit 0, 0.716s
SOnlyGlobalFirstStructure: exit 0, 0.716s
SOnlyInitial: exit 0, 0.565s
SOnlyMachine: exit 0, 1.318s
SOnlyMachineBP2: exit 0, 1.168s
SOnlyMachineWaterfallBP2: exit 0, 5.028s
SOnlyMachineClock: exit 0, 1.721s
SOnlyMachineFinite: exit 0, 0.666s
SOnlyMachineNat: exit 0, 0.465s
SOnlyMachineBounds: exit 0, 0.766s
SOnlyMachineCorrectness: exit 0, 0.415s
SOnlyMemory: exit 0, 0.867s
SOnlyTemporalMemory: exit 0, 1.971s
SOnlySimulation: exit 0, 0.616s
SOnlySimulationNormal: exit 0, 0.616s
SOnlySimulationExceptional: exit 0, 0.616s
SOnlySimulationHalt: exit 0, 0.616s
SOnlySimulationEpoch: exit 0, 0.666s
SOnlySimulationSchedule: exit 0, 0.766s
SOnlySimulationInstructions: exit 0, 0.767s
SOnlySimulationRestart: exit 0, 0.816s
SOnlySimulationComplete: exit 0, 0.766s
SOnlySimulationReadout: exit 0, 0.616s
SOnlySimulationInterface: exit 0, 0.616s
SOnlySimulationUniversal: exit 0, 0.515s
SOnlySimulationOutput: exit 0, 0.566s
SOnlySimulationPublished: exit 0, 1.669s
SOnlyUniversality: exit 0, 0.516s
SOnlyUniversalityReplay: exit 0, 0.465s
fresh-kernel-replay: exit 0, 130.070s
FRESH KERNEL REPLAY PASSED: /work/fresh/replay-result.json
RESOURCE_GUARD {"command": ["/usr/bin/python3", "/packet/tools/replay_formal.py", "--lean-bin", "/opt/lean/bin", "--upstream-source", "/upstream", "--build-dir", "/work/fresh"], "exit_code": 0, "stop_reason": null, "elapsed_seconds": 609.449450131011, "sampled_peak_namespace_rss_bytes": 1506811904, "sampled_peak_namespace_virtual_bytes": 18251436032, "sampled_namespace_rss_cap_bytes": 4294967296, "sample_interval_seconds": 0.05}
