'SOnlyTemporalMemory.double_prefix_weave' depends on axioms: [propext]
'SOnlyTemporalMemory.run_even_weave' depends on axioms: [propext, Quot.sound]
'SOnlyTemporalMemory.observe_even' depends on axioms: [propext, Classical.choice, Quot.sound]
'SOnlyTemporalMemory.observe_odd' depends on axioms: [propext, Classical.choice, Quot.sound]
'SOnlyTemporalMemory.transform_involution' depends on axioms: [propext]
'SOnlyTemporalMemory.observation_transform' depends on axioms: [propext, Classical.choice, Quot.sound]
'SOnlyTemporalMemory.initializer_correct' depends on axioms: [propext, Classical.choice, Quot.sound]
'SOnlyTemporalMemory.impulse_before' depends on axioms: [propext, Classical.choice, Quot.sound]
'SOnlyTemporalMemory.impulse_boundary' depends on axioms: [propext, Classical.choice, Quot.sound]
'SOnlyTemporalMemory.forcing_response' depends on axioms: [propext, Classical.choice, Quot.sound]
'SOnlyTemporalMemory.forcing_invisible' depends on axioms: [propext, Classical.choice, Quot.sound]
'SOnlyTemporalMemory.forced_initializer_correct' depends on axioms: [propext, Classical.choice, Quot.sound]
'SOnlyTemporalMemory.first_disturbed_output' depends on axioms: [propext, Classical.choice, Quot.sound]
'SOnlyTemporalMemory.increasing_strides_eq_transform' depends on axioms: [propext]
'SOnlyTemporalMemory.lookup_stage' depends on axioms: [propext, Quot.sound]
'SOnlyTemporalMemory.memoryRun_combined' depends on axioms: [propext]
'SOnlyTemporalMemory.source_programmed_width' depends on axioms: [propext, Classical.choice, Quot.sound]
'SOnlyTemporalMemory.initializer_memory_bounds' depends on axioms: [propext, Classical.choice, Quot.sound]
'SOnlyTemporalMemory.toList_lookup' depends on axioms: [propext, Classical.choice, Quot.sound]
'SOnlyTemporalMemory.initializer_eq_increasing_strides' depends on axioms: [propext]
